[hyperfollow.com/kaihiel.html]
[cdnjs.cloudflare.com/ajax/libs/fontfaceobserver/2.1.0/fontfaceobserver.standalone.js]
[hyperfollow.com/js/sweetalert2@8.min.js]
[hyperfollow.com/fonts/fontawesome-pro-6.7.2-web/css/all.min.css]
[hyperfollow.com/font-awesome-4.7.0/css/font-awesome.min.css]
[hyperfollow.com/js/jquery.2.2.4.min.js]
[hyperfollow.com/js/jquery-ui.1.12.1.min.js]
[cdnjs.cloudflare.com/ajax/libs/fitty/2.3.2/fitty.min.js]
[hyperfollow.com/css/jquery-ui.1.12.1.css]
[hyperfollow.com/js/jquery.placeholder.js]
[hyperfollow.com/js/jquery.kenburns-0.1.js]
[hyperfollow.com/js/mailcheck.min.js]
[cdnjs.cloudflare.com/ajax/libs/moment.js/2.24.0/moment.min.js]
[cdnjs.cloudflare.com/ajax/libs/moment-timezone/0.5.26/moment-timezone.min.js]
[www.google.com/recaptcha/api.js]
[backblue.gif]
[fade.gif]
[index.html]
[hyperfollow.com/kaihiel/index.html]
[hyperfollow.com/js/header48a9.js]
[hyperfollow.com/css/main4194.css]
[distrokid.imgix.net/http_/gather.fandalism.com/hyperfollow-blob_image_2967039_4gr15uu16eeenpjlz07q1o_176290181423734a2.jpg]
[hyperfollow.com/images/socialMediaIcons/hyperfollow/spotify.png]
[hyperfollow.com/images/socialMediaIcons/hyperfollow/youtube.png]
[hyperfollow.com/api/presaveSpotify/index.html]
[hyperfollow.com/images/socialMediaIcons/hyperfollow/tiktok.png]
[hyperfollow.com/images/socialMediaIcons/hyperfollow/instagram.png]
[hyperfollow.com/images/socialMediaIcons/hyperfollow/facebook.png]
[hyperfollow.com/images/socialMediaIcons/hyperfollow/apple music.png]
[hyperfollow.com/images/socialMediaIcons/hyperfollow/pinterest.png]
[hyperfollow.com/kaihiel/yo-te-amo-en-mil-lenguas.html]
[distrokid.imgix.net/http_/gather.fandalism.com/hyperfollow-blob_image_2967039_jjk3hd7w95hgp4qqjhobbr_17610564471322e2e.jpg]
[distrokid.imgix.net/http_/gather.fandalism.com/hyperfollow-blob_image_2967039_ezw3wmzmobtg7j020zo3xb_17584583005071a6f.jpg]
[hyperfollow.com/kaihiel/te-ves-aburrida.html]
[hyperfollow.com/kaihiel/desde-que-no-ests.html]
[distrokid.imgix.net/http_/gather.fandalism.com/hyperfollow-blob_image_2967039_0wltj6dkajaad1ewurhu9sb_1756737850960f3e8.jpg]
[distrokid.imgix.net/http_/gather.fandalism.com/hyperfollow-blob_image_2967039_lcbbqp4ujct3ifh51vk8_1735660032948e3e2.jpg]
[hyperfollow.com/kaihiel/atraccin.html]
[distrokid.imgix.net/http_/gather.fandalism.com/hyperfollow-blob_image_2967039_sm9uctwo68nkybfegovjj_1734215402776b2b3.jpg]
[distrokid.imgix.net/http_/gather.fandalism.com/hyperfollow-blob_image_2967039_d07j85qzsghszhm4jd0gmr_17342170133371dbf.jpg]
[hyperfollow.com/kaihiel/the-white-way.html]
[distrokid.imgix.net/http_/gather.fandalism.com/hyperfollow-blob_image_2967039_uvih4jgir0rtd9n51kp1h_17330684362273fab.jpg]
[hyperfollow.com/kaihiel/intimidad-2.html]
[distrokid.imgix.net/http_/gather.fandalism.com/hyperfollow-blob_image_2967039_vxjugoqa5dbq7j2jviepr_17304681778044f0d.jpg]
[hyperfollow.com/kaihiel/ruptura.html]
[distrokid.imgix.net/http_/gather.fandalism.com/hyperfollow-blob_image_2967039_dgqvanypfamssnww790as9_172779474066758df.jpg]
[hyperfollow.com/kaihiel/renunciar-2.html]
[distrokid.imgix.net/http_/gather.fandalism.com/hyperfollow-blob_image_2967039_egdwhz8i879pybbsmw8h68_172519411840214b5.jpg]
[hyperfollow.com/kaihiel/cmo-hacer-para-olvidarte.html]
[distrokid.imgix.net/http_/gather.fandalism.com/hyperfollow-blob_image_2967039_df08gby2b5aaxlzde38z6u_17251941183753190.jpg]
[hyperfollow.com/kaihiel/no-me-rechaces-otra-vez.html]
[distrokid.imgix.net/http_/gather.fandalism.com/hyperfollow-blob_image_2967039_5glyvopn6qrnhkz6fs27l_17251941183789575.jpg]
[hyperfollow.com/kaihiel/adis-no-es-olvido.html]
[distrokid.imgix.net/http_/gather.fandalism.com/hyperfollow-blob_image_2967039_ynnuo8x3ewpjb2i1scxth_172519411838111be.jpg]
[hyperfollow.com/kaihiel/maduraron.html]
[distrokid.imgix.net/http_/gather.fandalism.com/hyperfollow-blob_image_2967039_xftraljxqmg59iq4553gu_1725194118383990f.jpg]
[hyperfollow.com/kaihiel/wormhole-2024.html]
[distrokid.imgix.net/http_/gather.fandalism.com/hyperfollow-blob_image_2967039_ui43grhanknnxp8lcu0x_1725194118385cc0d.jpg]
[hyperfollow.com/kaihiel/hombrecito-de-papel.html]
[distrokid.imgix.net/http_/gather.fandalism.com/hyperfollow-blob_image_2967039_72t8lfy40e6swl518fi74_1725194118387828f.jpg]
[hyperfollow.com/kaihiel/extracorporal.html]
[distrokid.imgix.net/http_/gather.fandalism.com/hyperfollow-blob_image_2967039_79fa2mbw7ruz7mb34vmojq_17251941183901e71.jpg]
[hyperfollow.com/kaihiel/libertad-solar.html]
[distrokid.imgix.net/http_/gather.fandalism.com/hyperfollow-blob_image_2967039_sblwlnzduvpni7a5u0nkm_1725194118392805c.jpg]
[hyperfollow.com/kaihiel/dnde-vas-por-verdad.html]
[distrokid.imgix.net/http_/gather.fandalism.com/hyperfollow-blob_image_2967039_itawzyjawdcoasodbvosz_1725194118394c978.jpg]
[hyperfollow.com/kaihiel/dualidad.html]
[distrokid.imgix.net/http_/gather.fandalism.com/hyperfollow-blob_image_2967039_szs5357razsgqakardp7w_172519411839664c2.jpg]
[hyperfollow.com/kaihiel/despierta-consciencia.html]
[distrokid.imgix.net/http_/gather.fandalism.com/hyperfollow-blob_image_2967039_qdofjx4inpq5g3lop3afo_1725194118399db8d.jpg]
[distrokid.imgix.net/http_/gather.fandalism.com/hyperfollow-blob_image_2967039_6175x67ou05n83eqgw128s_17610566623371c8e.jpg]
[distrokid.imgix.net/http_/gather.fandalism.com/hyperfollow-blob_image_2967039_xovzup1br8ckrcv9yo2jqe_17183157022910082.jpg]
[distrokid.imgix.net/http_/gather.fandalism.com/hyperfollow-blob_image_2967039_ms4t7d8dxt8auytwffxbh7_1718636482687832a.jpg]
[distrokid.imgix.net/http_/gather.fandalism.com/hyperfollow-blob_image_2967039_b6j6l32cnfib93qslj7r8h_171866729940594c4.jpg]
[distrokid.imgix.net/http_/gather.fandalism.com/hyperfollow-blob_image_2967039_mhmfq01g8ev12zpw8dnvk_17186672994066ae9.jpg]
[distrokid.imgix.net/http_/gather.fandalism.com/hyperfollow-blob_image_2967039_aekne9gj47b7blh35ae3w7_1718636482688c23b.jpg]
[distrokid.imgix.net/http_/gather.fandalism.com/hyperfollow-blob_image_2967039_okwigin0bbnrwlzfzpnig8_17186364826904a18.jpg]
[distrokid.imgix.net/http_/gather.fandalism.com/hyperfollow-blob_image_2967039_7qzoe9mhokjcx1r97eb9vl_17356600329498a85.jpg]
[hyperfollow.com/images/hyperfollow-icon-white.png]
[hyperfollow.com/webroot/hyperfollow/page/index.cfm]
[hyperfollow.com/kaihiel.html]
[hyperfollow.com/fonts/fontawesome-pro-6.7.2-web/webfonts/fa-brands-400.woff2]
[hyperfollow.com/fonts/fontawesome-pro-6.7.2-web/webfonts/fa-brands-400.ttf]
[hyperfollow.com/fonts/fontawesome-pro-6.7.2-web/webfonts/fa-duotone-900.woff2]
[hyperfollow.com/fonts/fontawesome-pro-6.7.2-web/webfonts/fa-duotone-900.ttf]
[hyperfollow.com/fonts/fontawesome-pro-6.7.2-web/webfonts/fa-light-300.woff2]
[hyperfollow.com/fonts/fontawesome-pro-6.7.2-web/webfonts/fa-light-300.ttf]
[hyperfollow.com/fonts/fontawesome-pro-6.7.2-web/webfonts/fa-regular-400.woff2]
[hyperfollow.com/fonts/fontawesome-pro-6.7.2-web/webfonts/fa-regular-400.ttf]
[hyperfollow.com/fonts/fontawesome-pro-6.7.2-web/webfonts/fa-solid-900.woff2]
[hyperfollow.com/fonts/fontawesome-pro-6.7.2-web/webfonts/fa-solid-900.ttf]
[hyperfollow.com/fonts/fontawesome-pro-6.7.2-web/webfonts/fa-thin-100.woff2]
[hyperfollow.com/fonts/fontawesome-pro-6.7.2-web/webfonts/fa-thin-100.ttf]
[hyperfollow.com/fonts/fontawesome-pro-6.7.2-web/webfonts/fa-v4compatibility.woff2]
[hyperfollow.com/fonts/fontawesome-pro-6.7.2-web/webfonts/fa-v4compatibility.ttf]
[hyperfollow.com/fonts/fontawesome-pro-6.7.2-web/css/all.min.css]
[hyperfollow.com/font-awesome-4.7.0/fonts/fontawesome-webfont3e6e.eot]
[hyperfollow.com/font-awesome-4.7.0/fonts/fontawesome-webfontd41d.eot]
[hyperfollow.com/font-awesome-4.7.0/fonts/fontawesome-webfont3e6e.woff2]
[hyperfollow.com/font-awesome-4.7.0/fonts/fontawesome-webfont3e6e.woff]
[hyperfollow.com/font-awesome-4.7.0/fonts/fontawesome-webfont3e6e.ttf]
[hyperfollow.com/font-awesome-4.7.0/css/font-awesome.min.css]
[hyperfollow.com/css/images/ui-icons_444444_256x240.png]
[hyperfollow.com/font-awesome-4.7.0/fonts/fontawesome-webfont3e6e.svg]
[hyperfollow.com/css/images/ui-icons_555555_256x240.png]
[hyperfollow.com/css/images/ui-icons_ffffff_256x240.png]
[hyperfollow.com/css/images/ui-icons_777620_256x240.png]
[hyperfollow.com/css/images/ui-icons_cc0000_256x240.png]
[hyperfollow.com/css/images/ui-icons_777777_256x240.png]
[hyperfollow.com/css/jquery-ui.1.12.1.css]
[hyperfollow.com/kaihiel/webroot/hyperfollow/page/index.cfm]
[hyperfollow.com/kaihiel/index.html]
[www.googletagmanager.com/gtm5445.html]
[hyperfollow.com/images/checkerboard.png]
[hyperfollow.com/images/backgrounds/banner_clouds.webp]
[hyperfollow.com/res/images/black-friday-2025-banner-background.webp]
[hyperfollow.com/res/images/black-friday-2025-banner-snowflakes-left.webp]
[hyperfollow.com/res/images/black-friday-2025-banner-snowflakes-right.webp]
[hyperfollow.com/images/logout-blue.png]
[hyperfollow.com/images/progress-bar-animation.gif]
[hyperfollow.com/images/x.png]
[hyperfollow.com/images/header/faded-goodies-menu.png]
[hyperfollow.com/images/logout-white.png]
[hyperfollow.com/css/main4194.css]
[hyperfollow.com/newUser/indexdb06.html]
[hyperfollow.com/api/presaveSpotify/index.html]
[hyperfollow.com/images/chevron-down-solid.svg]
[distrokid.imgix.net/http_/gather.fandalism.com/2967039--3FFE4A8C-FEA5-4632-A20268DCBA205AD5--0--3677971--Cover3k7273.jpg]
[hyperfollow.com/index2fed.html]
[hyperfollow.com/images/socialMediaIcons/hyperfollow/x.png]
[hyperfollow.com/images/socialMediaIcons/hyperfollow/linkedin.png]
[hyperfollow.com/js/wavesurfer/3.3.3/wavesurfer_pud.js]
[distrokid.imgix.net/http_/gather.fandalism.com/hyperfollowicons-spotifyfddf.jpg]
[distrokid.imgix.net/http_/gather.fandalism.com/hyperfollow-blob_image_2967039_w0i0qxiqsc8hnwt7k0a6g_1761056000931f7c4.jpg]
[distrokid.imgix.net/http_/gather.fandalism.com/hyperfollow-blob_image_2967039_h5ic9e7tsddp6dnn7ocsgp_17610560009339dd2.jpg]
[distrokid.imgix.net/http_/gather.fandalism.com/hyperfollow-blob_image_2967039_cfs9t12uhujgzo54c9o7m9_1761056000936a966.jpg]
[distrokid.imgix.net/http_/gather.fandalism.com/hyperfollow-blob_image_2967039_4vfm2untg8dtcqsu4vc1k_17610560009326847.jpg]
[distrokid.imgix.net/http_/gather.fandalism.com/hyperfollow-blob_image_2967039_6c5dp7lcjjrash26tx98p8_1761056000937b1f9.jpg]
[distrokid.imgix.net/http_/gather.fandalism.com/hyperfollow-blob_image_2967039_7u0wmlabc64cfdwa636ymv_176105600093861ed.jpg]
[distrokid.imgix.net/http_/gather.fandalism.com/hyperfollowicons-itunesad82.jpg]
[hyperfollow.com/api/hyperfollow/audio/previewFilesExist/index.html]
[distrokid.imgix.net/http_/gather.fandalism.com/hyperfollowicons-deezer680f.jpg]
[distrokid.imgix.net/http_/gather.fandalism.com/hyperfollowicons-iheart03e7.jpg]
[hyperfollow.com/kaihiel/yo-te-amo-en-mil-lenguas.html]
[distrokid.imgix.net/http_/gather.fandalism.com/2967039--0B431F6C-D776-4953-A2B9DC6C90A1FDA9--0--2712517--Covere6a3.jpg]
[distrokid.imgix.net/http_/gather.fandalism.com/hyperfollow-blob_image_2967039_3zkn07l8tvuzirfcbd3jl_17584593887772a4c.jpg]
[distrokid.imgix.net/http_/gather.fandalism.com/hyperfollow-blob_image_2967039_3qixkyylg66yn5aohrkmr8_175845938878080a3.jpg]
[distrokid.imgix.net/http_/gather.fandalism.com/hyperfollow-blob_image_2967039_smnrizfq4c90agdkx7xl85q_17584593887836ef2.jpg]
[distrokid.imgix.net/http_/gather.fandalism.com/hyperfollow-blob_image_2967039_zanpaqp5nnboti5jsk011_17584593887844b85.jpg]
[distrokid.imgix.net/http_/gather.fandalism.com/hyperfollow-blob_image_2967039_hawfy42xfia09ykrmc2087c_17584593887840f4e.jpg]
[distrokid.imgix.net/http_/gather.fandalism.com/hyperfollow-blob_image_2967039_rghgcg8v6dq09ky0i3pr5o_17584593887858196.jpg]
[distrokid.imgix.net/http_/gather.fandalism.com/hyperfollow-blob_image_2967039_b705njp4jdit5yoyf6k7_175845956649596af.jpg]
[hyperfollow.com/kaihiel/te-ves-aburrida.html]
[distrokid.imgix.net/http_/gather.fandalism.com/hyperfollowicons-applemusicae12.jpg]
[distrokid.imgix.net/http_/gather.fandalism.com/2967039--74BAFCDA-91FD-4F10-BDA4379B1CF1F2E3--0--2188170--img0162a6.jpg]
[distrokid.imgix.net/http_/gather.fandalism.com/hyperfollow-blob_image_2967039_3k810bv2tcrkipvj2lujhq_17567318736966bc1.jpg]
[distrokid.imgix.net/http_/gather.fandalism.com/hyperfollow-blob_image_2967039_2mt7heibvr6pogi3unjmck_1756731873698307a.jpg]
[distrokid.imgix.net/http_/gather.fandalism.com/hyperfollow-blob_image_2967039_komjyt20whc8rtt5n7pais_1756732635518d7d2.jpg]
[distrokid.imgix.net/http_/gather.fandalism.com/hyperfollow-blob_image_2967039_vlzdod9tlzcgi2068m3oj7_1756736033618b913.jpg]
[distrokid.imgix.net/http_/gather.fandalism.com/hyperfollow-blob_image_2967039_yb0hlvx3nnn4m0snt9qd_1756736168742e3bb.jpg]
[distrokid.imgix.net/http_/gather.fandalism.com/hyperfollow-blob_image_2967039_k48b4875vei7x5qbvmhak7_17567362521374780.jpg]
[distrokid.imgix.net/http_/gather.fandalism.com/hyperfollow-blob_image_2967039_ukz2rt1qw1r8ktej77youm_1756736994489e4eb.jpg]
[distrokid.imgix.net/http_/gather.fandalism.com/hyperfollow-blob_image_2967039_s3e0qg39zvwv5s6t3m6d8_1756736994490fc3f.jpg]
[distrokid.imgix.net/http_/gather.fandalism.com/hyperfollow-blob_image_2967039_5260gux5v8jc0tjiy048l7_1756736994492bd60.jpg]
[distrokid.imgix.net/http_/gather.fandalism.com/hyperfollow-blob_image_2967039_muz2sj542jlvvjjnpqk_1756736994495f57e.jpg]
[distrokid.imgix.net/http_/gather.fandalism.com/hyperfollow-blob_image_2967039_yegby72zncomto3qgwj7o_17567369944958d3b.jpg]
[distrokid.imgix.net/http_/gather.fandalism.com/hyperfollow-blob_image_2967039_cuewbgrgbsjcmi6ff0wmku_175673699449609d0.jpg]
[distrokid.imgix.net/http_/gather.fandalism.com/hyperfollow-blob_image_2967039_ah5nf3s576sou60vaiervg_1756736994497cda2.jpg]
[distrokid.imgix.net/http_/gather.fandalism.com/hyperfollow-blob_image_2967039_z57i5ku0wymsctzr0cxcgg_175673699449880ad.jpg]
[hyperfollow.com/kaihiel/desde-que-no-ests.html]
[distrokid.imgix.net/http_/gather.fandalism.com/2967039--E569C92A-ABDC-4FBC-B2E1F99FB4B30BE6--0--4543707--AtraccinPortada4035.jpg]
[distrokid.imgix.net/http_/gather.fandalism.com/hyperfollow-blob_image_2967039_y668ked57zswyhos2zxp5_1735771548668417f.jpg]
[distrokid.imgix.net/http_/gather.fandalism.com/hyperfollow-blob_image_2967039_y2a3tpl9p12rohxjj0xyu_1735771548668169a.jpg]
[distrokid.imgix.net/http_/gather.fandalism.com/hyperfollow-blob_image_2967039_2qrnw2ow9uqkg3sohgknz_17357722653360286.jpg]
[distrokid.imgix.net/http_/gather.fandalism.com/hyperfollow-blob_image_2967039_uenasiq9ttf528i8l4o3j_17357716842522189.jpg]
[distrokid.imgix.net/http_/gather.fandalism.com/hyperfollow-blob_image_2967039_2io1j9gg1v6416lwzv1xv_17357716842531da2.jpg]
[distrokid.imgix.net/http_/gather.fandalism.com/hyperfollow-blob_image_2967039_wyiy0k2qh6cosq65b84dl_1735655300561851e.jpg]
[distrokid.imgix.net/http_/gather.fandalism.com/hyperfollow-blob_image_2967039_ux0nl2i2iyrqp24l6wkpr_1735655300562a261.jpg]
[distrokid.imgix.net/http_/gather.fandalism.com/hyperfollow-blob_image_2967039_07nrjgqs1iza1ew0p0fooyz_1735771817843dbbb.jpg]
[distrokid.imgix.net/http_/gather.fandalism.com/hyperfollow-blob_image_2967039_w7u23vkuge6zl4fzxh6oa_1735772265335ec1d.jpg]
[distrokid.imgix.net/http_/gather.fandalism.com/hyperfollow-blob_image_2967039_58s8i0s51cdgvwcellxprq_1735655300564bfdd.jpg]
[distrokid.imgix.net/http_/gather.fandalism.com/hyperfollow-blob_image_2967039_u0capnfqdfo6hyehp71nxx_1735655300566afe7.jpg]
[distrokid.imgix.net/http_/gather.fandalism.com/hyperfollow-blob_image_2967039_wy3t7ywlner80qj8n9lxbk_1735655300568abe6.jpg]
[distrokid.imgix.net/http_/gather.fandalism.com/hyperfollow-blob_image_2967039_jwh6if05oqd3ogv3rm6wig_17356553005680398.jpg]
[distrokid.imgix.net/http_/gather.fandalism.com/hyperfollow-blob_image_2967039_jhwg1zr89hfgc5t1jlk9tr_17356553005691fa4.jpg]
[distrokid.imgix.net/http_/gather.fandalism.com/hyperfollow-blob_image_2967039_u06jepw2npkpwy80c4ocy_17356553005707732.jpg]
[distrokid.imgix.net/http_/gather.fandalism.com/hyperfollow-blob_image_2967039_sd4yeqyqh941wx12xbg51_1735655300571ca0d.jpg]
[distrokid.imgix.net/http_/gather.fandalism.com/hyperfollow-blob_image_2967039_cpqrnmfcoks4vauj9jyn54_1735659389663b24c.jpg]
[hyperfollow.com/kaihiel/atraccin.html]
[distrokid.imgix.net/http_/gather.fandalism.com/2967039--45A3C154-DACA-43E1-8843790FDC43241D--0--5853877--TheWhiteWay9980.jpg]
[distrokid.imgix.net/http_/gather.fandalism.com/hyperfollow-blob_image_2967039_d1uwfd6vti41tod4zp8stc_17330682245586008.jpg]
[distrokid.imgix.net/http_/gather.fandalism.com/hyperfollow-blob_image_2967039_jz1vdcl30wnvvs0x9rjfpk_1733068224562ee81.jpg]
[distrokid.imgix.net/http_/gather.fandalism.com/hyperfollow-blob_image_2967039_3s9dqy6hsod4vocbnffh6_17330682245662e0d.jpg]
[distrokid.imgix.net/http_/gather.fandalism.com/hyperfollow-blob_image_2967039_3dzqgyddyure4ullg5ugeg_1733068224567d433.jpg]
[distrokid.imgix.net/http_/gather.fandalism.com/hyperfollow-blob_image_2967039_nceyr6bsqxo7cl64z8lo3_17330682245685128.jpg]
[distrokid.imgix.net/http_/gather.fandalism.com/hyperfollow-blob_image_2967039_f4zsta6kfgf43td7xhcss_1733068224569f6cd.jpg]
[distrokid.imgix.net/http_/gather.fandalism.com/hyperfollow-blob_image_2967039_h1q0pb2vxt9vdzjj18mfa8_173306822457087a6.jpg]
[distrokid.imgix.net/http_/gather.fandalism.com/hyperfollow-blob_image_2967039_mjtpqssx3rvfelntba41_17330682245731614.jpg]
[distrokid.imgix.net/http_/gather.fandalism.com/hyperfollow-blob_image_2967039_nl8ox77cxmaxq6pli2ye8_17330682245774dc3.jpg]
[distrokid.imgix.net/http_/gather.fandalism.com/hyperfollow-blob_image_2967039_pwifqwgciso8ktjpne09j8_1733068224578d9ba.jpg]
[distrokid.imgix.net/http_/gather.fandalism.com/hyperfollow-blob_image_2967039_qswp4ye1t2qtcfzmr71r_1733068224578c94e.jpg]
[distrokid.imgix.net/http_/gather.fandalism.com/hyperfollow-blob_image_2967039_esnp6j2enzedxv5lid445e_17330682245794861.jpg]
[distrokid.imgix.net/http_/gather.fandalism.com/hyperfollow-blob_image_2967039_2vyjki9ooxs7vlhg9rn6f_1733068224580dd0e.jpg]
[distrokid.imgix.net/http_/gather.fandalism.com/hyperfollow-blob_image_2967039_ddqbtzhw3rgiq9jff34oqk_17356596490408224.jpg]
[hyperfollow.com/kaihiel/the-white-way.html]
[distrokid.imgix.net/http_/gather.fandalism.com/2967039--555FC34E-6000-42D0-92FDB907F8338893--0--4511507--COVERINTIMIDADf500.jpg]
[distrokid.imgix.net/http_/gather.fandalism.com/hyperfollow-blob_image_2967039_8ehg8ev63ki8p1t7jzla13_17304680088528ccd.jpg]
[distrokid.imgix.net/http_/gather.fandalism.com/hyperfollow-blob_image_2967039_szcbw1oisoys48pocevq9_1730468008854b5f1.jpg]
[distrokid.imgix.net/http_/gather.fandalism.com/hyperfollow-blob_image_2967039_ugejldubj5p4lr5a6edpwq_17304680088544b2b.jpg]
[distrokid.imgix.net/http_/gather.fandalism.com/hyperfollow-blob_image_2967039_4lbyxnq1yvjkgjaie3qf1a_1730468008855e2b1.jpg]
[distrokid.imgix.net/http_/gather.fandalism.com/hyperfollow-blob_image_2967039_60ruiu2j12xkgx7qwhm4u_17304680088560db9.jpg]
[distrokid.imgix.net/http_/gather.fandalism.com/hyperfollow-blob_image_2967039_58e5tgvfrlbut5hnkcrltp_1730468008857ac81.jpg]
[distrokid.imgix.net/http_/gather.fandalism.com/hyperfollow-blob_image_2967039_nqvhdpv7se9crwn783dp_1730469311545ada3.jpg]
[distrokid.imgix.net/http_/gather.fandalism.com/hyperfollow-blob_image_2967039_kbewjm89gxd9u2katyr9l6_17304680088598557.jpg]
[distrokid.imgix.net/http_/gather.fandalism.com/hyperfollow-blob_image_2967039_jskgc82ggrnu4cp7fqcwgi_173013421030668a8.jpg]
[distrokid.imgix.net/http_/gather.fandalism.com/hyperfollow-blob_image_2967039_e5aetxwcz1kebmsashp2si_173013421030763cd.jpg]
[distrokid.imgix.net/http_/gather.fandalism.com/hyperfollow-blob_image_2967039_q0s9arq9pasljcrun9tfs_17301342103089e7b.jpg]
[distrokid.imgix.net/http_/gather.fandalism.com/hyperfollow-blob_image_2967039_c3ttu6qu4sqpzxxt11uer_1730134210309c063.jpg]
[distrokid.imgix.net/http_/gather.fandalism.com/hyperfollow-blob_image_2967039_zl3ih27je99iw3outml4j_17301342103109171.jpg]
[distrokid.imgix.net/http_/gather.fandalism.com/hyperfollow-blob_image_2967039_eemcru2ylcahikrfj68aeg_1730134210311a33c.jpg]
[distrokid.imgix.net/http_/gather.fandalism.com/hyperfollow-blob_image_2967039_b6692j4rymuqc33ixsnhg_17301342103124ad6.jpg]
[distrokid.imgix.net/http_/gather.fandalism.com/hyperfollow-blob_image_2967039_x2wxmued2flcxotshfngj_17356597024425117.jpg]
[hyperfollow.com/kaihiel/intimidad-2.html]
[distrokid.imgix.net/http_/gather.fandalism.com/2967039--D1977FCB-F670-42FE-88462EC180C14D1B--0--9299372--Coverb2a0.jpg]
[distrokid.imgix.net/http_/gather.fandalism.com/hyperfollow-blob_image_2967039_hly0lv7qlijvhzqtyhf3s_1727794299390382b.jpg]
[distrokid.imgix.net/http_/gather.fandalism.com/hyperfollow-blob_image_2967039_4p5gcz6vkd2smp5zgw9fq_17277942993910229.jpg]
[distrokid.imgix.net/http_/gather.fandalism.com/hyperfollow-blob_image_2967039_xbmfjf89848zz667p4o6k_1727794299394df94.jpg]
[distrokid.imgix.net/http_/gather.fandalism.com/hyperfollow-blob_image_2967039_ddeoqdv41kpfapkuimhxtq_17277942993957940.jpg]
[distrokid.imgix.net/http_/gather.fandalism.com/hyperfollow-blob_image_2967039_g8ong6v60s6vi0a569kfxg_17277942993981838.jpg]
[distrokid.imgix.net/http_/gather.fandalism.com/hyperfollow-blob_image_2967039_klsa5dehrbk0trpxgn53d6_1727794299398b856.jpg]
[distrokid.imgix.net/http_/gather.fandalism.com/hyperfollow-blob_image_2967039_65okvmnpie8pubziqcjcnh_172779429940066e8.jpg]
[distrokid.imgix.net/http_/gather.fandalism.com/hyperfollow-blob_image_2967039_tyehtm28wrcafquwtn77u_17277942994011c28.jpg]
[distrokid.imgix.net/http_/gather.fandalism.com/hyperfollow-blob_image_2967039_2y57o6glky49wpo7pe620l_17241630597568621.jpg]
[distrokid.imgix.net/http_/gather.fandalism.com/hyperfollow-blob_image_2967039_7xeh66ku1mtugsa33fmfei_172416305975754f8.jpg]
[distrokid.imgix.net/http_/gather.fandalism.com/hyperfollow-blob_image_2967039_gbmsti3layoxkl9k6x111p_1724163059758ce61.jpg]
[distrokid.imgix.net/http_/gather.fandalism.com/hyperfollow-blob_image_2967039_pqnzx7w9t21zq27cin3pf_172416305975900b3.jpg]
[distrokid.imgix.net/http_/gather.fandalism.com/hyperfollow-blob_image_2967039_hu8ybltezvun5btf12apsb_17241630597597636.jpg]
[distrokid.imgix.net/http_/gather.fandalism.com/hyperfollow-blob_image_2967039_h5i7ua8wqvpl5i3vjt93fb_17241630597601262.jpg]
[distrokid.imgix.net/http_/gather.fandalism.com/hyperfollow-blob_image_2967039_zv6g40s01tf40ca3ofagj9_1724163059761f079.jpg]
[distrokid.imgix.net/http_/gather.fandalism.com/hyperfollow-blob_image_2967039_ai9ljcx43qocmyogfmnd3d_1735659754053d75c.jpg]
[hyperfollow.com/kaihiel/ruptura.html]
[distrokid.imgix.net/http_/gather.fandalism.com/2967039--63E63A09-13D5-49C6-94C7C83E2428EC59--0--2002248--Cartula9e5d.jpg]
[distrokid.imgix.net/http_/gather.fandalism.com/hyperfollow-blob_image_2967039_72r8fji8yskqh0xy2n00us_17251932198295334.jpg]
[distrokid.imgix.net/http_/gather.fandalism.com/hyperfollow-blob_image_2967039_vf6jhtbiw7bvv543ozv8qc_1725193219830f050.jpg]
[distrokid.imgix.net/http_/gather.fandalism.com/hyperfollow-blob_image_2967039_nr2gsa5c6mjefgnvz51ewf_1725193219831da19.jpg]
[distrokid.imgix.net/http_/gather.fandalism.com/hyperfollow-blob_image_2967039_od3z6nhzazlmedlj4fx4v_1725193219836cdfa.jpg]
[distrokid.imgix.net/http_/gather.fandalism.com/hyperfollow-blob_image_2967039_bfv19r0b10kupy0iuc43eg_17251932198333622.jpg]
[distrokid.imgix.net/http_/gather.fandalism.com/hyperfollow-blob_image_2967039_hmdsarfzwkw4ugvez8le37_172519321983311e7.jpg]
[distrokid.imgix.net/http_/gather.fandalism.com/hyperfollow-blob_image_2967039_ataw80z04x7bdjjzcpkjz_172519321983523a2.jpg]
[distrokid.imgix.net/http_/gather.fandalism.com/hyperfollow-blob_image_2967039_op9y7ecbfxgkshlmnqqml_172519321983564bb.jpg]
[distrokid.imgix.net/http_/gather.fandalism.com/hyperfollow-blob_image_2967039_att8sy02njviefxkcjl1ci_17241619274837fbd.jpg]
[distrokid.imgix.net/http_/gather.fandalism.com/hyperfollow-blob_image_2967039_tfnu9tf3y4nf2v6y60wy_17241619274847aed.jpg]
[distrokid.imgix.net/http_/gather.fandalism.com/hyperfollow-blob_image_2967039_39apfh5ytmeqcgjsn4680p_1724161927487d102.jpg]
[distrokid.imgix.net/http_/gather.fandalism.com/hyperfollow-blob_image_2967039_y11qj3knn9h0l35hxwah_172416192748554a6.jpg]
[distrokid.imgix.net/http_/gather.fandalism.com/hyperfollow-blob_image_2967039_0s17l0y2kuhigrg7hib935_17241619274861bdb.jpg]
[distrokid.imgix.net/http_/gather.fandalism.com/hyperfollow-blob_image_2967039_4539wnn4jtcp8z9gqjbejf_17241619274866340.jpg]
[distrokid.imgix.net/http_/gather.fandalism.com/hyperfollow-blob_image_2967039_0kbqjl3zeqpingnt8s8z2_17241619274888720.jpg]
[distrokid.imgix.net/http_/gather.fandalism.com/hyperfollowicons-amazonecb0.jpg]
[distrokid.imgix.net/http_/gather.fandalism.com/hyperfollow-blob_image_2967039_ksmcekzvkmre62d2z52ihq_1735659792599c01a.jpg]
[hyperfollow.com/kaihiel/renunciar-2.html]
[distrokid.imgix.net/http_/gather.fandalism.com/2967039--C22C86B0-1757-47B2-AE1AA0855C7957FA--0--4659983--Cartulaa99e.jpg]
[distrokid.imgix.net/http_/gather.fandalism.com/hyperfollow-blob_image_2967039_8ewx2n85mm5wzlsqa8bpq_17225280856600377.jpg]
[distrokid.imgix.net/http_/gather.fandalism.com/hyperfollow-blob_image_2967039_4efaao8whnv54gs496h54o_17225280856616d4b.jpg]
[distrokid.imgix.net/http_/gather.fandalism.com/hyperfollow-blob_image_2967039_p2ejn3mphp992sfpzgb4xd_1722528874163a7ae.jpg]
[distrokid.imgix.net/http_/gather.fandalism.com/hyperfollow-blob_image_2967039_5xmt2mnmoa5ik3jo3fwy7_17225288741650aa2.jpg]
[distrokid.imgix.net/http_/gather.fandalism.com/hyperfollow-blob_image_2967039_t7l0fzi8irplk3am3xytk_172252808566452e1.jpg]
[distrokid.imgix.net/http_/gather.fandalism.com/hyperfollow-blob_image_2967039_6w06qwng1vawp5ctd1mtwr_1722528085665d332.jpg]
[distrokid.imgix.net/http_/gather.fandalism.com/hyperfollow-blob_image_2967039_kipjrhpw2ha352vbwmp8h5_1722528085666e49d.jpg]
[distrokid.imgix.net/http_/gather.fandalism.com/hyperfollow-blob_image_2967039_1m3nzu39u54ri22hqrgfbd_17225280856665263.jpg]
[distrokid.imgix.net/http_/gather.fandalism.com/hyperfollow-blob_image_2967039_oxaoad0o1m0nsrpswu5ipo_1722528085667e3de.jpg]
[distrokid.imgix.net/http_/gather.fandalism.com/hyperfollow-blob_image_2967039_bq9m9m9b98r20061dl4x_1718645472543cd37.jpg]
[distrokid.imgix.net/http_/gather.fandalism.com/hyperfollow-blob_image_2967039_ehsq5gxck76rskantnj8y9_1718313287503953d.jpg]
[distrokid.imgix.net/http_/gather.fandalism.com/hyperfollow-blob_image_2967039_ivsopp5vuf1nayyuggkft_1718635953237bd51.jpg]
[distrokid.imgix.net/http_/gather.fandalism.com/hyperfollow-blob_image_2967039_1vid3k3hqs3i0a54en56l_17186646123157da7.jpg]
[distrokid.imgix.net/http_/gather.fandalism.com/hyperfollow-blob_image_2967039_p849b17fnprdh2kmi5fjgp_17186646123169d96.jpg]
[distrokid.imgix.net/http_/gather.fandalism.com/hyperfollow-blob_image_2967039_dm97nj9jpkhq43yxa4iev_17183132875043a26.jpg]
[distrokid.imgix.net/http_/gather.fandalism.com/hyperfollow-blob_image_2967039_sayatdj9fbi4pv428rfbk_17186359532388128.jpg]
[distrokid.imgix.net/http_/gather.fandalism.com/hyperfollow-blob_image_2967039_5c39tpj7cvtc6r9w40z56v_1718635953240114c.jpg]
[hyperfollow.com/kaihiel/cmo-hacer-para-olvidarte.html]
[distrokid.imgix.net/http_/gather.fandalism.com/2967039--EC063E24-B4F3-4294-A5FCF30693CA1E40--0--1677550--Cartula3k8d6a.jpg]
[distrokid.imgix.net/http_/gather.fandalism.com/hyperfollow-blob_image_2967039_gj2n3y3h27nnoyrj3cxam_1719839391162d064.jpg]
[distrokid.imgix.net/http_/gather.fandalism.com/hyperfollow-blob_image_2967039_fs7j0n6psw54cda16vbiit_171983939116360a4.jpg]
[distrokid.imgix.net/http_/gather.fandalism.com/hyperfollow-blob_image_2967039_xe7dv3rpno21jgr7obrmx_171983939117326fa.jpg]
[distrokid.imgix.net/http_/gather.fandalism.com/hyperfollow-blob_image_2967039_dqhgbpfvjcj5d0rnftk7c3_17198393911669fed.jpg]
[distrokid.imgix.net/http_/gather.fandalism.com/hyperfollow-blob_image_2967039_0k2sg9nm7z99aysv2iymm7i_171983939116708d0.jpg]
[distrokid.imgix.net/http_/gather.fandalism.com/hyperfollow-blob_image_2967039_gqicewmdrj7cfoc4owrkb_17198393911703f9b.jpg]
[distrokid.imgix.net/http_/gather.fandalism.com/hyperfollow-blob_image_2967039_2iy14c70s0mlnz19q45ts_17198393911719cad.jpg]
[distrokid.imgix.net/http_/gather.fandalism.com/hyperfollow-blob_image_2967039_ssr1j7ttdopk1236ogtib_1719839391171a6a9.jpg]
[distrokid.imgix.net/http_/gather.fandalism.com/hyperfollow-blob_image_2967039_qe1ckar32chilza7trc87_17198393911727d65.jpg]
[distrokid.imgix.net/http_/gather.fandalism.com/hyperfollow-blob_image_2967039_wjsfzax785ax76ioryhs9_1718645526423bbca.jpg]
[distrokid.imgix.net/http_/gather.fandalism.com/hyperfollow-blob_image_2967039_gwzlviju6lelf9obc8ppp_1716729316114b2f1.jpg]
[distrokid.imgix.net/http_/gather.fandalism.com/hyperfollow-blob_image_2967039_kn3ub50v3ewbjvzvnbmtf_17186357643436d48.jpg]
[distrokid.imgix.net/http_/gather.fandalism.com/hyperfollow-blob_image_2967039_ebh2sx7ybobcaklel46hfq_1718664731104faa9.jpg]
[distrokid.imgix.net/http_/gather.fandalism.com/hyperfollow-blob_image_2967039_ye4zm46pial4rjpulbtiv4_1718664731105471c.jpg]
[distrokid.imgix.net/http_/gather.fandalism.com/hyperfollow-blob_image_2967039_a41z30dqypiw8ss61w6k_1716729402909913d.jpg]
[distrokid.imgix.net/http_/gather.fandalism.com/hyperfollow-blob_image_2967039_egeqaaelg7sxzgck5bp5ch_17186357643440069.jpg]
[distrokid.imgix.net/http_/gather.fandalism.com/hyperfollow-blob_image_2967039_idt657xrhjnfyhbr6g6ir_171863576434576be.jpg]
[hyperfollow.com/kaihiel/no-me-rechaces-otra-vez.html]
[distrokid.imgix.net/http_/gather.fandalism.com/2967039--FF2A4561-0E24-46C1-92B460669AD576A7--0--1882493--Cover7b42.jpg]
[distrokid.imgix.net/http_/gather.fandalism.com/hyperfollow-blob_image_2967039_ygfip1o7bcz4yq14wgrl_1718306735960ff31.jpg]
[distrokid.imgix.net/http_/gather.fandalism.com/hyperfollow-blob_image_2967039_2smwz9rb2j9s3g8xuhf8wf_1718635398209d56f.jpg]
[distrokid.imgix.net/http_/gather.fandalism.com/hyperfollow-blob_image_2967039_f6vwj98fo4rxtsqb33vj2c_1718647852169fb49.jpg]
[distrokid.imgix.net/http_/gather.fandalism.com/hyperfollow-blob_image_2967039_ovflv65eipj14o8nm8idd1j_1718635398211bd5a.jpg]
[distrokid.imgix.net/http_/gather.fandalism.com/hyperfollow-blob_image_2967039_i5gaeizmgsgijzbrglaudb_1718665001115e6d8.jpg]
[distrokid.imgix.net/http_/gather.fandalism.com/hyperfollow-blob_image_2967039_lbwtaa8sdccuqe2zq661w_1718645559160a74b.jpg]
[distrokid.imgix.net/http_/gather.fandalism.com/hyperfollow-blob_image_2967039_mia26rlifp8ikpqpsdcygd_17186353982123eff.jpg]
[distrokid.imgix.net/http_/gather.fandalism.com/hyperfollow-blob_image_2967039_r73m54foma5rpzaj1e0u_1718635398213dc54.jpg]
[distrokid.imgix.net/http_/gather.fandalism.com/hyperfollow-blob_image_2967039_nl68tixp8we5ofiu2uxodq_1718665001113cece.jpg]
[distrokid.imgix.net/http_/gather.fandalism.com/hyperfollow-blob_image_2967039_jld6p30urdmdsjpm3rbxcg_17186650011147c3d.jpg]
[distrokid.imgix.net/http_/gather.fandalism.com/hyperfollow-blob_image_2967039_66pqdxle27vmd4gjlgm19_17186353982144d5d.jpg]
[distrokid.imgix.net/http_/gather.fandalism.com/hyperfollow-blob_image_2967039_mbgxg7uo3db2ll8fqdxbb_17186353982148ed0.jpg]
[distrokid.imgix.net/http_/gather.fandalism.com/hyperfollow-blob_image_2967039_ql9mo6pw7kqmf8l0ouzaq_1718635398215bdd2.jpg]
[hyperfollow.com/kaihiel/adis-no-es-olvido.html]
[distrokid.imgix.net/http_/gather.fandalism.com/2967039--BDAF4B3C-F12A-4DA8-A251535BAE5A3DA1--0--3054503--Cartula7203.jpg]
[distrokid.imgix.net/http_/gather.fandalism.com/hyperfollow-blob_image_2967039_4c74xf69ntqyd3wcmximm8_1718634779414bcfc.jpg]
[distrokid.imgix.net/http_/gather.fandalism.com/hyperfollow-blob_image_2967039_rz5b05ai6a6cozfutwfa5_1718665406660034a.jpg]
[distrokid.imgix.net/http_/gather.fandalism.com/hyperfollow-blob_image_2967039_v1ektc6e3zy8731x4dx2_17186654066613acb.jpg]
[distrokid.imgix.net/http_/gather.fandalism.com/hyperfollow-blob_image_2967039_unlijpvkwpaq97421i8ez_17186455992968035.jpg]
[distrokid.imgix.net/http_/gather.fandalism.com/hyperfollow-blob_image_2967039_4is52uungeqs8ftrv4gjmo_1718634920611f4d2.jpg]
[distrokid.imgix.net/http_/gather.fandalism.com/hyperfollow-blob_image_2967039_d8f4k0ock46dguqr7qdtev_1718634920612e3ab.jpg]
[distrokid.imgix.net/http_/gather.fandalism.com/hyperfollow-blob_image_2967039_a2x4nhfzs0blngr09f9e0q_1718665406662e1bc.jpg]
[distrokid.imgix.net/http_/gather.fandalism.com/hyperfollow-blob_image_2967039_wgac4hagp69xy3j1zfniy8_1718665406663e45a.jpg]
[distrokid.imgix.net/http_/gather.fandalism.com/hyperfollow-blob_image_2967039_932a5s7dqx3ribp9loug_1718634920612355c.jpg]
[distrokid.imgix.net/http_/gather.fandalism.com/hyperfollow-blob_image_2967039_z65pjj1wh0jq8wcx4wd9g_1718634920613d6ba.jpg]
[distrokid.imgix.net/http_/gather.fandalism.com/hyperfollow-blob_image_2967039_i82re04hlf00gxudqipy4v8_171863492061460ba.jpg]
[hyperfollow.com/kaihiel/maduraron.html]
[distrokid.imgix.net/http_/gather.fandalism.com/2967039--738C10DA-C1D1-4918-97CE7EE271738E7A--0--1024286--Wormholecartula3000b28c.jpg]
[distrokid.imgix.net/http_/gather.fandalism.com/hyperfollow-blob_image_2967039_yeuix6umw09r25813e1p38_171862956630137e4.jpg]
[distrokid.imgix.net/http_/gather.fandalism.com/hyperfollow-blob_image_2967039_9yq35vbq39jxyrbjglat1_1718665712035f9e2.jpg]
[distrokid.imgix.net/http_/gather.fandalism.com/hyperfollow-blob_image_2967039_74qwz2eke8v768r8ooqnzr_17186657120364cb1.jpg]
[distrokid.imgix.net/http_/gather.fandalism.com/hyperfollow-blob_image_2967039_mwrm2y17zubnt3z2i3owxd_171864562932975a3.jpg]
[distrokid.imgix.net/http_/gather.fandalism.com/hyperfollow-blob_image_2967039_wnwn4agkfm2yd7stnmn4f_1718629566302a094.jpg]
[distrokid.imgix.net/http_/gather.fandalism.com/hyperfollow-blob_image_2967039_q9f5tbvd4tzjg588zpct_1718629566303c926.jpg]
[distrokid.imgix.net/http_/gather.fandalism.com/hyperfollow-blob_image_2967039_65o24tza5799rlg8uoqsv4_17186657120295c79.jpg]
[distrokid.imgix.net/http_/gather.fandalism.com/hyperfollow-blob_image_2967039_e9phh10txmiqkatakrr18_17186657120316913.jpg]
[distrokid.imgix.net/http_/gather.fandalism.com/hyperfollow-blob_image_2967039_k3802q387ff016z3plkw7_1718629566303503c.jpg]
[distrokid.imgix.net/http_/gather.fandalism.com/hyperfollow-blob_image_2967039_ifzhmeg1hrcal4r8qh58bo_1718629566304c831.jpg]
[distrokid.imgix.net/http_/gather.fandalism.com/hyperfollow-blob_image_2967039_d14by449sabhhacvjsg7js_1718629566305c920.jpg]
[hyperfollow.com/kaihiel/wormhole-2024.html]
[distrokid.imgix.net/http_/gather.fandalism.com/2967039--7ADCBFBA-FB9E-4A50-B6528C5379587950--0--4222802--CartulaHombrecitodepapel5bf6.jpg]
[distrokid.imgix.net/http_/gather.fandalism.com/hyperfollow-blob_image_2967039_qb4ul6l2ranhjbtb72tn_171862911482493b7.jpg]
[distrokid.imgix.net/http_/gather.fandalism.com/hyperfollow-blob_image_2967039_ewcppwgyecrypjl77r27jr_17186661112629fd1.jpg]
[distrokid.imgix.net/http_/gather.fandalism.com/hyperfollow-blob_image_2967039_bmyolcm6wcqwi5mv0iw6i_1718666111263312e.jpg]
[distrokid.imgix.net/http_/gather.fandalism.com/hyperfollow-blob_image_2967039_l2yx67idex1hvl77vfse5h_1718645670380cf64.jpg]
[distrokid.imgix.net/http_/gather.fandalism.com/hyperfollow-blob_image_2967039_peqgl87hdt963g8f8f7zc_1718317748091e2e4.jpg]
[distrokid.imgix.net/http_/gather.fandalism.com/hyperfollow-blob_image_2967039_4gbs8blunbsdk3c7qyp5wa_1718629114824f609.jpg]
[distrokid.imgix.net/http_/gather.fandalism.com/hyperfollow-blob_image_2967039_wmvwi288hnmpe86xepeu6_17186661112602ae7.jpg]
[distrokid.imgix.net/http_/gather.fandalism.com/hyperfollow-blob_image_2967039_0naqm6ish3y41rp7a9vmji_17186661112614fec.jpg]
[distrokid.imgix.net/http_/gather.fandalism.com/hyperfollow-blob_image_2967039_kfuci91si8fsc87yyas7tj_1718629114825cd56.jpg]
[distrokid.imgix.net/http_/gather.fandalism.com/hyperfollow-blob_image_2967039_mefmbucd4ab15cwzgs8d57_17186291148267717.jpg]
[distrokid.imgix.net/http_/gather.fandalism.com/hyperfollow-blob_image_2967039_k10aill3kyqyyznldze34_17186291148271147.jpg]
[hyperfollow.com/kaihiel/hombrecito-de-papel.html]
[distrokid.imgix.net/http_/gather.fandalism.com/2967039--1387DE95-BEEA-4C47-B890E56028320F58--0--8424048--EstracorporalDistroKidfbfe.jpg]
[distrokid.imgix.net/http_/gather.fandalism.com/hyperfollow-blob_image_2967039_x0wp2bjuluor70fnmur52_17186276642849628.jpg]
[distrokid.imgix.net/http_/gather.fandalism.com/hyperfollow-blob_image_2967039_iaphdrq95du471154bh8m_17186662948544647.jpg]
[distrokid.imgix.net/http_/gather.fandalism.com/hyperfollow-blob_image_2967039_a82o1uimurclvilzrhk84o_17186273762545461.jpg]
[distrokid.imgix.net/http_/gather.fandalism.com/hyperfollow-blob_image_2967039_86ohhpwya8th2ber9rt1d_1718628205325957a.jpg]
[distrokid.imgix.net/http_/gather.fandalism.com/hyperfollow-blob_image_2967039_fezq4nccjhdzjs2697dp5_1718645701902b66c.jpg]
[distrokid.imgix.net/http_/gather.fandalism.com/hyperfollow-blob_image_2967039_lwwg5ks5dx84o2yxey39of_1718318231913c348.jpg]
[distrokid.imgix.net/http_/gather.fandalism.com/hyperfollow-blob_image_2967039_9ony34tfymr2ssal5i34ts_1718628205326743c.jpg]
[distrokid.imgix.net/http_/gather.fandalism.com/hyperfollow-blob_image_2967039_mn6famm4ngpqrm55n4ntmj_1718666294846066f.jpg]
[distrokid.imgix.net/http_/gather.fandalism.com/hyperfollow-blob_image_2967039_6st4ivaa5n56yo9224n7cw_1718666294847aaa6.jpg]
[distrokid.imgix.net/http_/gather.fandalism.com/hyperfollow-blob_image_2967039_lxmsfqfd843l5jccx09xe_17183182319142d0a.jpg]
[distrokid.imgix.net/http_/gather.fandalism.com/hyperfollow-blob_image_2967039_jtec79q0i9hwnt8agc1cx_17186282053267f31.jpg]
[distrokid.imgix.net/http_/gather.fandalism.com/hyperfollow-blob_image_2967039_w02cownnfraa7nrksa9hi_1718628205327bc01.jpg]
[hyperfollow.com/kaihiel/extracorporal.html]
[distrokid.imgix.net/http_/gather.fandalism.com/2967039--A4A89DC2-F963-457A-9AD285CF6F56A172--0--1069463--LibertadSolarTAPA85d7.jpg]
[distrokid.imgix.net/http_/gather.fandalism.com/hyperfollow-blob_image_2967039_0orjd32gkw1j21fb05mgm_1718626001716a2be.jpg]
[distrokid.imgix.net/http_/gather.fandalism.com/hyperfollow-blob_image_2967039_pjir89mz5fasiqyxrjmdf_171866663314095ab.jpg]
[distrokid.imgix.net/http_/gather.fandalism.com/hyperfollow-blob_image_2967039_lv8p0od2anmognh76txxs_171864572956585df.jpg]
[distrokid.imgix.net/http_/gather.fandalism.com/hyperfollow-blob_image_2967039_m9jde9cbf6yvyrwn8mk7p_17186261614477f65.jpg]
[distrokid.imgix.net/http_/gather.fandalism.com/hyperfollow-blob_image_2967039_pnp9thga7why14fxfw52h_17186261614482a86.jpg]
[distrokid.imgix.net/http_/gather.fandalism.com/hyperfollow-blob_image_2967039_7del5fmi6t24kzkebkjxqm_17186666331345558.jpg]
[distrokid.imgix.net/http_/gather.fandalism.com/hyperfollow-blob_image_2967039_22lhrq0y82l4we5zu3n6su_17186261614494536.jpg]
[distrokid.imgix.net/http_/gather.fandalism.com/hyperfollow-blob_image_2967039_j2csbwaqbm6fqlwqy2b_1718666633135794e.jpg]
[distrokid.imgix.net/http_/gather.fandalism.com/hyperfollow-blob_image_2967039_1169ughbhsub86k8qrc9g1a_1718626161449f5c1.jpg]
[distrokid.imgix.net/http_/gather.fandalism.com/hyperfollow-blob_image_2967039_qwgtksg8iwve83kkqboi_17186261614503164.jpg]
[hyperfollow.com/kaihiel/libertad-solar.html]
[distrokid.imgix.net/http_/gather.fandalism.com/2967039--FC9A1127-4657-433E-BC15A9DA85DF532B--1638626021687--Artedetapaac91.jpg]
[distrokid.imgix.net/http_/gather.fandalism.com/hyperfollow-blob_image_2967039_ta9emvh9ilaak8m2v8ng5j_17186253910518d9d.jpg]
[distrokid.imgix.net/http_/gather.fandalism.com/hyperfollow-blob_image_2967039_ybnvdnba7k38jw1ho9q87_17186668398270762.jpg]
[distrokid.imgix.net/http_/gather.fandalism.com/hyperfollow-blob_image_2967039_7b8hlaafajjj45btv8w0i_1718625391052921e.jpg]
[distrokid.imgix.net/http_/gather.fandalism.com/hyperfollow-blob_image_2967039_l1fhhkno6vejj2rofk02ir_17186253910531997.jpg]
[distrokid.imgix.net/http_/gather.fandalism.com/hyperfollow-blob_image_2967039_3oi0nm2sazjo8xinl8ujgo_1718645790104c4e6.jpg]
[distrokid.imgix.net/http_/gather.fandalism.com/hyperfollow-blob_image_2967039_emu9nvxte6joabfeb5bk9r_17186255931813142.jpg]
[distrokid.imgix.net/http_/gather.fandalism.com/hyperfollow-blob_image_2967039_jyuevc9vrsnj3zkzgbozfp_17186255931822447.jpg]
[distrokid.imgix.net/http_/gather.fandalism.com/hyperfollow-blob_image_2967039_mv7fgx5u30ggw3v3pffh1a_1718666839822b78b.jpg]
[distrokid.imgix.net/http_/gather.fandalism.com/hyperfollow-blob_image_2967039_y6w04n4h6qopqxg78tg5_171866683982343d7.jpg]
[distrokid.imgix.net/http_/gather.fandalism.com/hyperfollow-blob_image_2967039_pry6tch4mmbp5dj0uzqhn_17186255931832f1c.jpg]
[distrokid.imgix.net/http_/gather.fandalism.com/hyperfollow-blob_image_2967039_0hl0ie5ulmjlwomr48rn8g_1718625593184c7cf.jpg]
[distrokid.imgix.net/http_/gather.fandalism.com/hyperfollow-blob_image_2967039_8oxd39vek429nqkvfb4j_17186255931857d4e.jpg]
[hyperfollow.com/kaihiel/dnde-vas-por-verdad.html]
[distrokid.imgix.net/http_/gather.fandalism.com/2967039--5BA2F571-ED30-4E4E-BF904C986701A30A--1633802413788--CartulaDualidad1080x1080e9f7.jpg]
[distrokid.imgix.net/http_/gather.fandalism.com/hyperfollow-blob_image_2967039_ef1tmkes0gnq0sjhtum2_1718379296117dabf.jpg]
[distrokid.imgix.net/http_/gather.fandalism.com/hyperfollow-blob_image_2967039_1fao8sgffh8c2d5e7efket_1718650520001150a.jpg]
[distrokid.imgix.net/http_/gather.fandalism.com/hyperfollow-blob_image_2967039_31stsl8taty4hcdcdtpmhd_17186458180711aa6.jpg]
[distrokid.imgix.net/http_/gather.fandalism.com/hyperfollow-blob_image_2967039_v75mgnxadxiadsls4vr5vv_1718380242813286d.jpg]
[distrokid.imgix.net/http_/gather.fandalism.com/hyperfollow-blob_image_2967039_pyjpkpk9vtr87u54lif4ir_1718650520002d55b.jpg]
[distrokid.imgix.net/http_/gather.fandalism.com/hyperfollow-blob_image_2967039_jooyimjtt87hy49iy8jq_171865052000356f6.jpg]
[distrokid.imgix.net/http_/gather.fandalism.com/hyperfollow-blob_image_2967039_wabei2al55zmpjtenxs0k_17183802428147e8e.jpg]
[distrokid.imgix.net/http_/gather.fandalism.com/hyperfollow-blob_image_2967039_hit5cb2etttvw95jxuxka_1718620795485e32e.jpg]
[distrokid.imgix.net/http_/gather.fandalism.com/hyperfollow-blob_image_2967039_fqiof7qvf2732y7yj2jx3n_1718380242815118c.jpg]
[hyperfollow.com/kaihiel/dualidad.html]
[distrokid.imgix.net/http_/gather.fandalism.com/2967039--5CB185DD-640A-4839-A1169FEFD1489055--1629648788520--DespiertaconscienciaCOVER468c.jpg]
[distrokid.imgix.net/http_/gather.fandalism.com/hyperfollow-blob_image_2967039_8777j9fped5lg4e58p5e1_1718378005835a4dc.jpg]
[distrokid.imgix.net/http_/gather.fandalism.com/hyperfollow-blob_image_2967039_gt3jn6l687n3e7342v5zwn_171864984691143ef.jpg]
[distrokid.imgix.net/http_/gather.fandalism.com/hyperfollow-blob_image_2967039_yxsk7s4s3zlup1jhn2bwga_17186670571006888.jpg]
[distrokid.imgix.net/http_/gather.fandalism.com/hyperfollow-blob_image_2967039_4i1lf1hw14cl9vpq7hl31k_1718645845958b303.jpg]
[distrokid.imgix.net/http_/gather.fandalism.com/hyperfollow-blob_image_2967039_avwqgx86bd5xi93so1z1_17186239185725b09.jpg]
[distrokid.imgix.net/http_/gather.fandalism.com/hyperfollow-blob_image_2967039_llwqigp1owhzau1iz09pb_1718623918575db75.jpg]
[distrokid.imgix.net/http_/gather.fandalism.com/hyperfollow-blob_image_2967039_ov3qhq4sy97jj8cqljnua_171864984690713fe.jpg]
[distrokid.imgix.net/http_/gather.fandalism.com/hyperfollow-blob_image_2967039_u1pk3d4a8cnaeg1raxs5xp_1718649846906153b.jpg]
[distrokid.imgix.net/http_/gather.fandalism.com/hyperfollow-blob_image_2967039_rfkmmne21b3j8jzb91hvw_17186239185722e72.jpg]
[distrokid.imgix.net/http_/gather.fandalism.com/hyperfollow-blob_image_2967039_rc98o8iji6bggcxr5e2sm_1718623918576119f.jpg]
[distrokid.imgix.net/http_/gather.fandalism.com/hyperfollow-blob_image_2967039_6ixb90l1e03g64e7ag3tq_17186239185744489.jpg]
[hyperfollow.com/kaihiel/despierta-consciencia.html]
[hyperfollow.com/webroot/hyperfollow/page/index.html]
[hyperfollow.com/font-awesome-4.7.0/fonts/fontawesome-webfont3e6e.svg]
[hyperfollow.com/kaihiel/webroot/hyperfollow/page/index.html]
[hyperfollow.com/images/chevron-down-solid.svg]
[js.sentry-cdn.com/317a4933c8fd4ce8aef96a0855e5bf6e.min.js]
[hyperfollow.com/apple-icon-57x57.png]
[hyperfollow.com/apple-icon-60x60.png]
[hyperfollow.com/apple-icon-72x72.png]
[hyperfollow.com/apple-icon-76x76.png]
[hyperfollow.com/apple-icon-114x114.png]
[hyperfollow.com/apple-icon-120x120.png]
[hyperfollow.com/apple-icon-144x144.png]
[hyperfollow.com/apple-icon-152x152.png]
[hyperfollow.com/apple-icon-180x180.png]
[hyperfollow.com/android-icon-192x192.png]
[hyperfollow.com/favicon-32x32.png]
[hyperfollow.com/favicon-96x96.png]
[hyperfollow.com/favicon-16x16.png]
[hyperfollow.com/manifest.json]
[hyperfollow.com/images/gremlin_square_140.png]
[hyperfollow.com/js/linkify/linkify.min.js]
[hyperfollow.com/js/linkify/linkify-jquery.min.js]
[hyperfollow.com/js/jquery-touch-events.js]
[hyperfollow.com/js/jquery.ba-outside-events.js]
[hyperfollow.com/js/header0336.js]
[hyperfollow.com/js/distroeae9.js]
[hyperfollow.com/js/fixCaps9af5.js]
[hyperfollow.com/js/lazysizes.min.js]
[hyperfollow.com/css/main72c9.css]
[hyperfollow.com/css/animation9ca5.css]
[hyperfollow.com/js/respond.min.js]
[cdn.optimizely.com/js/21723500485.js]
[hyperfollow.com/images/distrokid-logo-white.png]
[hyperfollow.com/index.html]
[hyperfollow.com/images/apple-sign-in-icon.png]
[hyperfollow.com/signup/index6e01.html]
[hyperfollow.com/images/google-sign-in-icon.png]
[hyperfollow.com/images/facebook-sign-in-icon.png]
[hyperfollow.com/images/check.png]
[cdnjs.cloudflare.com/ajax/libs/croppie/2.6.5/croppie.css]
[cdnjs.cloudflare.com/ajax/libs/croppie/2.6.5/croppie.min.js]
[hyperfollow.com/js/clickout.js]
[cdnjs.cloudflare.com/ajax/libs/jqueryui-touch-punch/0.2.3/jquery.ui.touch-punch.min.js]
[hyperfollow.com/js/hyperfollow8fd5.js]
[hyperfollow.com/images/hyperfollow-logo-white.png]
[hyperfollow.com/images/hyperfollow-screenshots-compressed.png]
[hyperfollow.com/index2fed.html]
[hyperfollow.com/api/hyperfollowPcmPreviewSave/index.html]
[hyperfollow.com/api/hyperfollow/audio/previewFilesExist/index.html]
[hyperfollow.com/css/main72c9.css]
[hyperfollow.com/css/animation9ca5.css]
[hyperfollow.com/index.html]
[c.sitetran.com/widget/v3.js]
[hyperfollow.com/api/v1/user/updateLanguage/index.html]
[hyperfollow.com/images/hyperfollow-logo-black.png]
[hyperfollow.com/css/registrationForma2c2.css]
[hyperfollow.com/images/apple-sign-in-icon-white.png]
[hyperfollow.com/js/social-signin.js]
[hyperfollow.com/signup/index0589.html]
[hyperfollow.com/signin/index6c53.html]
[hyperfollow.com/signup/index6e01.html]
[kit.fontawesome.com/b962c867d2.html]
[hyperfollow.com/js/distro-noblock61ea.js]
[cdnjs.cloudflare.com/ajax/libs/croppie/2.6.5/croppie.css]
[hyperfollow.com/edu/index.html]
[hyperfollow.com/app/index.html]
[hyperfollow.com/api/v1/user/updateLanguage/index.html]
[hyperfollow.com/student/index.html]
[hyperfollow.com/css/registrationForma2c2.css]
[hyperfollow.com/privacy/index.html]
[hyperfollow.com/signup/index0589.html]
[hyperfollow.com/artistsforchange/index.html]
[hyperfollow.com/terms/index.html]
[hyperfollow.com/agreement/index.html]
[hyperfollow.com/signin/index569d.html]
[hyperfollow.com/signup/indexa731.html]
[hyperfollow.com/forgotPassword/index.html]
[hyperfollow.com/signin/index6c53.html]
[hyperfollow.com/css/signin-hyperfollow9e6f.css]
[cdnjs.cloudflare.com/ajax/libs/jquery.lazy/1.7.9/jquery.lazy.min.js]
[hyperfollow.com/signup/indexf784.html]
[cdnjs.cloudflare.com/ajax/libs/jquery.lazy/1.7.9/jquery.lazy.plugins.min.js]
[hyperfollow.com/signup/index.html]
[hyperfollow.com/artistsforchange/a4c.js]
[hyperfollow.com/artistsforchange/a4c.css]
[distrokid.imgix.net/https_/s3.amazonaws.com/gather.fandalism.com/6298212--7F41E74A-E622-4321-A7B7CD105D720FDA--0--1708076--vv2227e37.jpg]
[distrokid.imgix.net/https_/s3.amazonaws.com/gather.fandalism.com/1736426--791B78A3-7435-436A-BA6FD50B9E1FBB30--0--4472555--dreamstimel3364564689c97.jpg]
[distrokid.imgix.net/https_/s3.amazonaws.com/gather.fandalism.com/2549374--B1E1AC41-45B2-4C41-AE4A57404DAD9EEC--0--3272613--MoneyFreeConspiracyimg38ff.jpg]
[distrokid.imgix.net/https_/s3.amazonaws.com/gather.fandalism.com/9294798--412B33C4-7E4C-449B-8472D755FD605FFD--0--126043--Untitleddesign20260116T163813.7236005.jpg]
[distrokid.imgix.net/https_/s3.amazonaws.com/gather.fandalism.com/871484--6CE0B86E-D9B4-492B-B67E410DBA12C741--0--881764--rentfree7ca6.jpg]
[distrokid.imgix.net/https_/s3.amazonaws.com/gather.fandalism.com/871484--8BC476BF-07BE-41E7-9461E4168C79650B--1612580588707--goliath7ccf.jpg]
[distrokid.imgix.net/https_/s3.amazonaws.com/gather.fandalism.com/871484--447BB1C2-FB39-45B4-9BE4D3DAE1E2A8A9--1581818034817--SexyTalk1fdc2.jpg]
[distrokid.imgix.net/https_/s3.amazonaws.com/gather.fandalism.com/1575129--D7552ED5-55A5-46FC-BEDB81A4BDB33AD5--0--386128--3000x3000157512901A45DCB8D4649DE9EA8AD6B20B0F24E1628026217635IMG5130Facetune250]
[distrokid.imgix.net/https_/s3.amazonaws.com/gather.fandalism.com/1575129--10AEFEE7-70D7-4B74-87D3A7BE04AEE48A--0--1454600--3000x3000157512928EFC46C34004B6ABCF444ED0E16CB0104020993mp2remastercover.1d127]
[distrokid.imgix.net/https_/s3.amazonaws.com/gather.fandalism.com/1575129--BCB29699-83B9-4196-9B4AED17565B5778--0--6128347--8E5EB54354624D819DE4A49063D219FE91f8.jpg]
[distrokid.imgix.net/https_/s3.amazonaws.com/gather.fandalism.com/1575129--8F31D17F-65A5-426C-A689D255FEAA0A68--0--6515764--phonto5056.jpg]
[distrokid.imgix.net/https_/s3.amazonaws.com/gather.fandalism.com/1575129--25E84018-CD64-4592-8E8BBF74EC75358E--0--383326--a339286529710f096.jpg]
[distrokid.imgix.net/https_/s3.amazonaws.com/gather.fandalism.com/10424149--316E2248-9BAF-4FD3-A8C5A45147E13230--0--1369929--100002618469df.jpg]
[distrokid.imgix.net/https_/s3.amazonaws.com/gather.fandalism.com/11256057--58AC7C90-3194-4221-9BE50D29CBABD19A--0--498182--1000241491d763.jpg]
[distrokid.imgix.net/https_/s3.amazonaws.com/gather.fandalism.com/9983806--B16CBCDA-7E1D-44F2-8DCA62B05470D95E--0--12249389--AcousticHeartVersionCover0443.jpg]
[distrokid.imgix.net/https_/s3.amazonaws.com/gather.fandalism.com/9284887--3566B9A5-7EF7-4C09-A5360C7A348C9341--0--160538--1674f.jpg]
[distrokid.imgix.net/https_/s3.amazonaws.com/gather.fandalism.com/9284887--2DDA1C57-5922-4940-AE339C53E030025C--0--879592--Loslideresarturob1d0.jpg]
[distrokid.imgix.net/https_/s3.amazonaws.com/gather.fandalism.com/8664737--7156DAE4-5695-4A2C-B0B6070387768563--0--827387--Cover1b61.jpg]
[distrokid.imgix.net/https_/s3.amazonaws.com/gather.fandalism.com/10205844--6968DF8E-A13C-435B-B915D59DA71D6816--0--1679241--4A82E187DFD94EB4A73765DB994C0FC5e542.jpg]
[distrokid.imgix.net/https_/s3.amazonaws.com/gather.fandalism.com/10233791--3F9CB3B4-7439-4547-A7991971E24C7EFC--0--3314342--JesusLovesYouElioEternalLightInOneCoverArt8122.jpg]
[distrokid.imgix.net/https_/s3.amazonaws.com/gather.fandalism.com/10033257--407CF437-DB3F-4DA2-AAC75C94D54DB419--0--1706133--39C34A81CE6E42F4A742277BF3949AD77357.jpg]
[distrokid.imgix.net/https_/s3.amazonaws.com/gather.fandalism.com/2549374--5C90FAA4-5377-4751-917567267C694ABD--0--107298--BoatBanjo288a.jpg]
[distrokid.imgix.net/https_/s3.amazonaws.com/gather.fandalism.com/10420848--7E1CEA42-AD34-46DC-BEA65B444F5458EF--0--2676471--IMG098056af.jpg]
[distrokid.imgix.net/https_/s3.amazonaws.com/gather.fandalism.com/832879--942E4F5F-644C-47E9-ABF31BD35046C76E--0--350568--received708943503791665166c.jpg]
[distrokid.imgix.net/https_/s3.amazonaws.com/gather.fandalism.com/832879--98513E49-117A-43D1-B5A504702F013E41--0--216537--received47885687735660492b2.jpg]
[distrokid.imgix.net/https_/s3.amazonaws.com/gather.fandalism.com/832879--44833F1C-D63D-4E47-836C2BC261A42453--0--466851--1000014889bd2a.jpg]
[distrokid.imgix.net/https_/s3.amazonaws.com/gather.fandalism.com/832879--408D124F-1EB8-4AF3-AEB1D24F5DAE9453--1534392055387--375004791544923454150288925243191309893632nf6cd.jpg]
[distrokid.imgix.net/https_/s3.amazonaws.com/gather.fandalism.com/4607851--F1A7D60A-75EA-4E90-81317C5716356057--0--5566363--Sharesare202402230031500000baaf.jpg]
[distrokid.imgix.net/https_/s3.amazonaws.com/gather.fandalism.com/4607851--5F29A86A-BA03-4D5A-A73CD58933A77A61--0--7806758--100000152580ae.jpg]
[distrokid.imgix.net/https_/s3.amazonaws.com/gather.fandalism.com/5802320--5046B30E-C971-4593-8E8ECBCA7D70D048--0--3860623--SingleArtworkWillsized5cc0.jpg]
[distrokid.imgix.net/https_/s3.amazonaws.com/gather.fandalism.com/5802320--D0278A7D-B8E9-4AEC-ADC953528C2371DA--0--5993054--Chestnutfullc9b6.jpg]
[distrokid.imgix.net/https_/s3.amazonaws.com/gather.fandalism.com/5802320--EBB1F471-53A2-4B32-B6AE278762F0F1DC--0--4212013--SingleArtworkLabyrinthsized4dc8.jpg]
[distrokid.imgix.net/https_/s3.amazonaws.com/gather.fandalism.com/5802320--A95985DE-B009-4325-8480153F49F5322A--0--2848452--ChestnutTreeSaMSized9c46.jpg]
[distrokid.imgix.net/https_/s3.amazonaws.com/gather.fandalism.com/5802320--7D6D05DE-EF9F-4A79-92F118127E8C23BC--0--4784293--SingleArtworkFutCTsizedce6e.jpg]
[distrokid.imgix.net/https_/s3.amazonaws.com/gather.fandalism.com/5802320--2A262011-1FDA-4051-887328F35AEE748C--0--4314850--SingleArtworkCoastalSized1103.jpg]
[distrokid.imgix.net/https_/s3.amazonaws.com/gather.fandalism.com/6298212--1D1C6960-EE01-4A05-8503A51A587DE3EE--0--1708076--vv22260bd.jpg]
[distrokid.imgix.net/https_/s3.amazonaws.com/gather.fandalism.com/10033257--E89CE8FE-DA76-40B5-9A50EC9FC3F5CE18--0--1699606--7B64FBF4BA2E40A79B885020FFF13BE78cb9.jpg]
[distrokid.imgix.net/https_/s3.amazonaws.com/gather.fandalism.com/10033257--D410E454-051C-4792-8E389B716192B213--0--1883704--E0E8615357884143BAA2660AD4E82CF7b34d.jpg]
[distrokid.imgix.net/https_/s3.amazonaws.com/gather.fandalism.com/10033257--9C77E28D-9762-4B20-B548452F2AA19405--0--3734214--IMG58119241.jpg]
[distrokid.imgix.net/https_/s3.amazonaws.com/gather.fandalism.com/10033257--9DEA2EE9-AD79-47BF-93E6F5A2771DB34C--0--1111664--F2A797D52F6F4ACF9E3F0AD041A322936d14.jpg]
[distrokid.imgix.net/https_/s3.amazonaws.com/gather.fandalism.com/10033257--5F2BC061-9C62-45C3-9C97F8A82AD0F768--0--1269451--IMG60437cdc.jpg]
[distrokid.imgix.net/https_/s3.amazonaws.com/gather.fandalism.com/10033257--E85CEFF0-4CA2-4FF5-A91BECA3AABCA260--0--1111664--F2A797D52F6F4ACF9E3F0AD041A32293456b.jpg]
[distrokid.imgix.net/https_/s3.amazonaws.com/gather.fandalism.com/10033257--55E36BC8-522B-4AB6-BE37B95552B2741C--0--1111664--F2A797D52F6F4ACF9E3F0AD041A32293abe8.jpg]
[distrokid.imgix.net/https_/s3.amazonaws.com/gather.fandalism.com/10033257--E0774DE2-183D-4B95-904A03733984F550--0--3734439--91355931688B49B0A1C2AF84283B06C7db6f.jpg]
[distrokid.imgix.net/https_/s3.amazonaws.com/gather.fandalism.com/10033257--BCEA2D89-31DD-40E8-B657760665BBBB72--0--245239--B5BCFFC4641A456F9C498F029E5E6FB8ef56.jpg]
[distrokid.imgix.net/https_/s3.amazonaws.com/gather.fandalism.com/10033257--B29EAE9A-5CA0-423D-96196E828E522FFC--0--1111664--F2A797D52F6F4ACF9E3F0AD041A32293a476.jpg]
[distrokid.imgix.net/https_/s3.amazonaws.com/gather.fandalism.com/10033257--C5996CAF-FA80-475F-83B7F9FA18FA8182--0--2654208--IMG6221d2cb.jpg]
[distrokid.imgix.net/https_/s3.amazonaws.com/gather.fandalism.com/10033257--588FFA97-CFAA-4C17-96BA39C6D67E749A--0--480389--16E1BC42635D41778A5CFEC6174A1BDA44eb.jpg]
[distrokid.imgix.net/https_/s3.amazonaws.com/gather.fandalism.com/10033257--7B226D08-AF55-4A34-B64846195DE83B0C--0--436687--IMG62390c50.jpg]
[distrokid.imgix.net/https_/s3.amazonaws.com/gather.fandalism.com/10033257--CBB41555-9237-4D03-8B42E86B4E811EBB--0--1182753--8BA31111ABD94CCBBBBE454E85B0562E2d99.jpg]
[distrokid.imgix.net/https_/s3.amazonaws.com/gather.fandalism.com/10033257--B4A8282A-4304-46F1-A11B49133FEAD8D6--0--1945046--480F9D39586F4FE4B00E215E2095D5D7f925.jpg]
[distrokid.imgix.net/https_/s3.amazonaws.com/gather.fandalism.com/10033257--B1757F6B-32AB-4B31-BAC84725DE25FBF2--0--1297090--641A71DC8E1044BFBA521E2533C9CD218a37.jpg]
[distrokid.imgix.net/https_/s3.amazonaws.com/gather.fandalism.com/2412517--78FF1FA5-1016-41AB-B89FC14DC0F619F5--0--527200--D89AC72B72C149C7A5192D5117491C153638.jpg]
[distrokid.imgix.net/https_/s3.amazonaws.com/gather.fandalism.com/3124095--A89B04F0-5AE4-479E-BDE46FD2F2C8D6E3--0--599286--IMG9090c939.jpg]
[distrokid.imgix.net/https_/s3.amazonaws.com/gather.fandalism.com/8064053--E1DA0626-93D6-45E7-A79A76A9F68409E7--0--1541349--IMG19682fa3.jpg]
[distrokid.imgix.net/https_/s3.amazonaws.com/gather.fandalism.com/8064053--B3D476D8-A5D1-4B14-BC2A109C146D8BE0--0--1541349--IMG196899a0.jpg]
[distrokid.imgix.net/https_/s3.amazonaws.com/gather.fandalism.com/8064053--B1B6B19C-1BBE-4443-90850C63B7ACA8A1--0--1028869--IMG32837327.jpg]
[distrokid.imgix.net/https_/s3.amazonaws.com/gather.fandalism.com/8064053--086CF985-1EBE-49BB-8FCAF4F0C1283E14--0--1635906--Owenpassportphoto9625bce3.jpg]
[distrokid.imgix.net/https_/s3.amazonaws.com/gather.fandalism.com/8064053--C5F99BB1-7A7C-4A1C-B3F0B9DEF83E4316--0--1180014--IMG2448e94c.jpg]
[distrokid.imgix.net/https_/s3.amazonaws.com/gather.fandalism.com/8064053--DB78252B-DE44-4281-AEA136E435CA9D1A--0--922609--2696085427558627696f088.jpg]
[distrokid.imgix.net/https_/s3.amazonaws.com/gather.fandalism.com/8064053--388C865F-2A99-40B4-9C01951872D8A96C--0--1627902--IMG19711dc1.jpg]
[distrokid.imgix.net/https_/s3.amazonaws.com/gather.fandalism.com/8064053--FB12CA50-3452-41CE-B7911304EC0ED1AE--0--1718538--IMG245065a9.jpg]
[distrokid.imgix.net/https_/s3.amazonaws.com/gather.fandalism.com/8064053--58500382-A7A1-4BF7-ABA03C2D42E99A23--0--1516009--IMG62461b087.jpg]
[distrokid.imgix.net/https_/s3.amazonaws.com/gather.fandalism.com/8064053--DC44EF10-0B88-454A-922CA6291212AEFF--0--1164470--IMG2699f0fc.jpg]
[distrokid.imgix.net/https_/s3.amazonaws.com/gather.fandalism.com/8064053--11670D8A-B2E0-4B1F-9D1EDEE64DC18B9A--0--299129--IMG5509ac90.jpg]
[distrokid.imgix.net/https_/s3.amazonaws.com/gather.fandalism.com/3739676--53B0AA99-7617-47B4-BF8F40DD09E950BB--0--194126--IMG40615fb3.jpg]
[distrokid.imgix.net/https_/s3.amazonaws.com/gather.fandalism.com/11256057--44604AF4-7958-45BF-BD5A9F1EBD89F95F--0--1131959--10002384542d3d.jpg]
[distrokid.imgix.net/https_/s3.amazonaws.com/gather.fandalism.com/2549374--AB647712-E38C-4B5D-BB645AB15B6A07C4--0--86999--SoupandHugb49f.jpg]
[distrokid.imgix.net/https_/s3.amazonaws.com/gather.fandalism.com/10556514--DDD95FA7-3A4D-4097-880F8C0D930E5E64--0--1241488--COVERTheDirtyDutchmanDrppjeforDrppjeEP1I1Kopie2a93.jpg]
[distrokid.imgix.net/https_/s3.amazonaws.com/gather.fandalism.com/4607851--EA57DC49-40B0-4B5C-8801255C8C7A9C56--0--6314333--Feelthe202402030937430000b4e8.jpg]
[distrokid.imgix.net/https_/s3.amazonaws.com/gather.fandalism.com/4607851--7192A66E-6BFF-443C-AA0238AB5B80C6AD--0--5905420--10000019152ac1.jpg]
[distrokid.imgix.net/https_/s3.amazonaws.com/gather.fandalism.com/11259633--8C188648-B1AA-4EE6-B3B316DAD34664CB--0--15374389--IfnotnowwhenUNA638a.jpg]
[distrokid.imgix.net/https_/s3.amazonaws.com/gather.fandalism.com/9983806--27E2FE76-31B4-49A4-A0CBB1F4CDBBD820--0--7919794--SurrenderCover30002b5a.jpg]
[distrokid.imgix.net/https_/s3.amazonaws.com/gather.fandalism.com/11256057--7E2B8E75-995E-4853-B672BC6FB47A7D5C--0--1131959--10002384543d24.jpg]
[distrokid.imgix.net/https_/s3.amazonaws.com/gather.fandalism.com/11253420--7636DA14-C3F1-46D9-B16916EFE0EA195C--0--174897--Fading1400f0a5.jpg]
[distrokid.imgix.net/https_/s3.amazonaws.com/gather.fandalism.com/11256057--57010582-A5A2-4839-8C0F1E4762546FEA--0--2011602--1000238353b7fc.jpg]
[distrokid.imgix.net/https_/s3.amazonaws.com/gather.fandalism.com/10980264--E8E43D01-373B-46E6-B6A893AECBBDC3F6--0--632064--IMG05766a6f.jpg]
[distrokid.imgix.net/https_/s3.amazonaws.com/gather.fandalism.com/8010051--0E23153D-559C-4486-B6ED274A9B889B77--0--2244014--ChatGPTImageNov292025122102AM6883.jpg]
[distrokid.imgix.net/https_/s3.amazonaws.com/gather.fandalism.com/8010051--DB40B417-922F-4451-BD9471D235284764--0--2452781--ChatGPTImageNov262025100026PM4b53.jpg]
[distrokid.imgix.net/https_/s3.amazonaws.com/gather.fandalism.com/10980264--081F7BDC-5843-4ACF-ABABA5C373C59687--0--1814352--IMG05748d97.jpg]
[distrokid.imgix.net/https_/s3.amazonaws.com/gather.fandalism.com/10933899--2C8DD563-AD7A-437B-ACDD199B7A02EF80--0--724000--MeikSchmidtThinkaboutwhatyoudocbb8.jpg]
[distrokid.imgix.net/https_/s3.amazonaws.com/gather.fandalism.com/1346353--CF4C0C77-4A5E-4E60-8FF2045ABBC7A688--1561654822713--SPORE2COVER.v3.v3.cropped992c.jpg]
[distrokid.imgix.net/https_/s3.amazonaws.com/gather.fandalism.com/6298212--A2E869E7-8B7D-4A10-A185A1B77D4B6571--0--1169779--Adszss9802.jpg]
[distrokid.imgix.net/https_/s3.amazonaws.com/gather.fandalism.com/2549374--CBE34F06-0C0E-47DC-9B85D1A2C04298DA--0--54215--Robotpicturef269.jpg]
[distrokid.imgix.net/https_/s3.amazonaws.com/gather.fandalism.com/10556514--6DDB5F4D-D377-4523-9533E52C473F3241--0--975233--TheDirtyDutchmanHalloHand1I101I2026Cover3000x3000Kopie6a01.jpg]
[distrokid.imgix.net/https_/s3.amazonaws.com/gather.fandalism.com/10556514--C51CDDC3-72C9-455C-B28E99E6643D47F3--0--3686950--coveramsterdam3000x3000Kopiea5bf.jpg]
[distrokid.imgix.net/https_/s3.amazonaws.com/gather.fandalism.com/3712004--523646FF-26D8-4A58-845BCE7F92A6F6F9--0--462750--InShot20250218101156801aa18.jpg]
[distrokid.imgix.net/https_/s3.amazonaws.com/gather.fandalism.com/2549374--49C4116D-ABD1-4566-A479B8C06C740575--0--294611--vhfine3dmodelingchinaj20vhfine3d21068.jpg]
[distrokid.imgix.net/https_/s3.amazonaws.com/gather.fandalism.com/1662442--09A4650D-14BB-4DBD-B74E81A5542CCD50--0--1913363--SchnellschussCoverneu5bce.jpg]
[distrokid.imgix.net/https_/s3.amazonaws.com/gather.fandalism.com/1433072--C8B827FC-12A5-4393-8CD47C96CA72C8ED--0--1528564--THeWorldTradeShowDigitalCover508b.jpg]
[distrokid.imgix.net/https_/s3.amazonaws.com/gather.fandalism.com/1433072--020C58BA-7752-467E-BE3113A166B4C066--0--4536467--Polish20250117183438766a8ae.jpg]
[distrokid.imgix.net/https_/s3.amazonaws.com/gather.fandalism.com/1433072--931D7518-8761-44DD-A7FB3EFF1C14B9DA--0--3189512--1000003347e4e0.jpg]
[distrokid.imgix.net/https_/s3.amazonaws.com/gather.fandalism.com/10556514--FDB0C23A-D365-4E24-8E06EE0962B5EC8D--0--2318117--MatthiasHornAbsolutBlissEPMelodicDeepHouseMixKopiecc6c.jpg]
[distrokid.imgix.net/https_/s3.amazonaws.com/gather.fandalism.com/8338883--CD903268-9537-4067-82862C6AFD6B977C--0--348055--thatwork.6ee8.jpg]
[distrokid.imgix.net/https_/s3.amazonaws.com/gather.fandalism.com/8338883--6C08E3E1-EF8E-4FDA-92ADB3CB9684ED41--0--16532197--LoveMe12fbb.jpg]
[distrokid.imgix.net/https_/s3.amazonaws.com/gather.fandalism.com/1662442--B1543CD2-CF8D-47E8-BAE241D4A7B4E56F--0--1615462--IMG3468a781.jpg]
[distrokid.imgix.net/https_/s3.amazonaws.com/gather.fandalism.com/10653486--176E9475-6DFD-46DA-A214106F3DF2505E--0--19340531--1202512150914500000f64e.jpg]
[distrokid.imgix.net/https_/s3.amazonaws.com/gather.fandalism.com/2549374--30200F5A-30AB-4D71-94EAA5133B3F9DDD--0--4296331--NeilAvrilChristopherTin77f7.jpg]
[distrokid.imgix.net/https_/s3.amazonaws.com/gather.fandalism.com/11087235--FC1418CE-3006-4237-A388FC3D7F73AE85--0--2663946--1B2A5C465E1E48CB80AF9E7D0EFDB6E0de3b.jpg]
[distrokid.imgix.net/https_/s3.amazonaws.com/gather.fandalism.com/9983806--9E47696E-BB55-404B-9CF3CBD6F6434B47--0--8300460--dcf0.jpg]
[distrokid.imgix.net/https_/s3.amazonaws.com/gather.fandalism.com/1114620--CE6F283C-3059-4FE0-BD811C1A22E92A17--0--1224137--IMG825949ec.jpg]
[distrokid.imgix.net/https_/s3.amazonaws.com/gather.fandalism.com/1433072--D844C8DB-4A81-47B5-BFE56A50B006618F--0--731701--10000041152c4c.jpg]
[distrokid.imgix.net/https_/s3.amazonaws.com/gather.fandalism.com/9399455--326B450C-EF34-4BE2-91EBBA47861BFB68--0--3065570--ynngggUntitled1acd9.jpg]
[distrokid.imgix.net/https_/s3.amazonaws.com/gather.fandalism.com/10941733--132510B1-72EA-46FA-AE246F50ACA60FA0--0--2089436--GangstaTrapAnime2f7b.jpg]
[distrokid.imgix.net/https_/s3.amazonaws.com/gather.fandalism.com/10941733--23F7B952-2E69-4128-922843ADBF88DA9F--0--2091715--xxxmasalbumcover6bba.jpg]
[distrokid.imgix.net/https_/s3.amazonaws.com/gather.fandalism.com/9241995--A8106A6D-F1CA-46AE-8BED3AE90BE3517A--0--2549437--7c24909712624993bde701df1dfdd5d609e5.jpg]
[distrokid.imgix.net/https_/s3.amazonaws.com/gather.fandalism.com/10654426--06A220C3-4308-4BBD-81C63CE702CB4136--0--1295196--IMG30817c99.jpg]
[distrokid.imgix.net/https_/s3.amazonaws.com/gather.fandalism.com/10654426--008C6709-0B9D-46EF-862A812A00D2B111--0--1920732--ISIMG1063924e29a.jpg]
[distrokid.imgix.net/https_/s3.amazonaws.com/gather.fandalism.com/594734--9D27F301-0FE7-4B98-B5028005DA4AED05--0--958136--Seraphon3000x3000FULLdf98.jpg]
[distrokid.imgix.net/https_/s3.amazonaws.com/gather.fandalism.com/2549374--C998F94F-E31E-4957-98F80F4454EE693A--0--429213--18hoursba48.jpg]
[distrokid.imgix.net/https_/s3.amazonaws.com/gather.fandalism.com/5271436--5DAA1E5A-F248-4BB8-83F5C90AB8DDCCE8--0--2185531--Gen4Iwantsomealbumcovertartfeaturingachalicebeingofferedtothe3heavensa22690007]
[distrokid.imgix.net/https_/s3.amazonaws.com/gather.fandalism.com/5271436--FA3B3F6B-1332-498B-92E4D7704BA104B1--0--1510748--removethetextRUNTOYOUandRAGEfromtheimagekeepingthesilhouettedfigurerunningtowa]
[distrokid.imgix.net/https_/s3.amazonaws.com/gather.fandalism.com/4607851--1A0F1534-681A-4B6B-881550C6D1A236DC--0--3289816--10000016247286.jpg]
[distrokid.imgix.net/https_/s3.amazonaws.com/gather.fandalism.com/4607851--8B018DE8-D925-4C3D-8E943A287C8348CE--0--6329159--10000018042feb.jpg]
[distrokid.imgix.net/https_/s3.amazonaws.com/gather.fandalism.com/4607851--07A787AD-68C3-4584-BB77AD71345A57CD--0--11324507--png202301110306170000a2b6.jpg]
[distrokid.imgix.net/https_/s3.amazonaws.com/gather.fandalism.com/4607851--7D68AFE3-4FCA-4EB9-96995F93518609E0--0--4236330--Untitleddesign20241114051855000096d3.jpg]
[distrokid.imgix.net/https_/s3.amazonaws.com/gather.fandalism.com/4607851--16BC8447-C86F-41BB-9AEC089FB9E7E0DA--0--4893942--100000167033d5.jpg]
[distrokid.imgix.net/https_/s3.amazonaws.com/gather.fandalism.com/4607851--10D82213-C486-49EB-BC90E99E90F6ADAE--0--4491678--1000001928034e.jpg]
[distrokid.imgix.net/https_/s3.amazonaws.com/gather.fandalism.com/4607851--666995C6-8C84-422A-B6B3C1EF7DCCFF72--0--5816943--10000017786d57.jpg]
[distrokid.imgix.net/https_/s3.amazonaws.com/gather.fandalism.com/1736426--5E85C61F-E3FB-47A3-B198582C3743DD4E--0--2740547--FireOxAndWoodSnameAlbumCoverdb92.jpg]
[distrokid.imgix.net/https_/s3.amazonaws.com/gather.fandalism.com/10941733--F4E82AF2-CD96-47AF-B11DD4FDF5028696--0--2488304--themanawakealbum64a1.jpg]
[distrokid.imgix.net/https_/s3.amazonaws.com/gather.fandalism.com/2270938--3A8304F9-86DB-492A-B8E8C080BB444626--0--308434--openartimagesMs6GwNL1761401116347rawbffa.jpg]
[distrokid.imgix.net/https_/s3.amazonaws.com/gather.fandalism.com/1662442--758B99F6-53A9-4962-8A72197DAB618A77--0--1845605--IMG33320e0d.jpg]
[distrokid.imgix.net/https_/s3.amazonaws.com/gather.fandalism.com/10033160--908837B5-A125-4F1A-ABB8A04BB6317363--0--2999980--61aa.jpg]
[distrokid.imgix.net/https_/s3.amazonaws.com/gather.fandalism.com/10033160--E49BC20F-99FA-4869-87EEDC5CACA79ECF--0--7846113--ThumpThumpa452.jpg]
[distrokid.imgix.net/https_/s3.amazonaws.com/gather.fandalism.com/10033160--7893C527-CFAA-416E-B7BC0CB0D3E201CD--0--8363987--theyrethere0945.jpg]
[distrokid.imgix.net/https_/s3.amazonaws.com/gather.fandalism.com/10033160--4690D2B5-63DA-4670-981DA4148E791C71--0--15990537--100000611575f8.jpg]
[distrokid.imgix.net/https_/s3.amazonaws.com/gather.fandalism.com/10033160--2E47D96D-94E5-46ED-ADD0E77DDD1EB097--0--5374499--Staronanklefe12.jpg]
[distrokid.imgix.net/https_/s3.amazonaws.com/gather.fandalism.com/10033160--0B4D3413-EDAE-48CB-AFCF4C7DF0BD2352--0--18032322--Sprinkler53a3.jpg]
[distrokid.imgix.net/https_/s3.amazonaws.com/gather.fandalism.com/10033160--7E1B34E6-AE5E-48C3-8B1018E0ACF39CC2--0--16930657--Somewhere6a61.jpg]
[distrokid.imgix.net/https_/s3.amazonaws.com/gather.fandalism.com/10033160--B824D1A7-A1F9-4EDF-B73AFB613EDB851E--0--4036448--2MyheartofU7976.jpg]
[distrokid.imgix.net/https_/s3.amazonaws.com/gather.fandalism.com/10033160--5E32841B-E4EA-4864-8F3EC707E79C7CF8--0--6380755--Mug27b4.jpg]
[distrokid.imgix.net/https_/s3.amazonaws.com/gather.fandalism.com/10033160--D915593A-6217-4B92-860D3B08D368B5BE--0--4689476--Miad745.jpg]
[distrokid.imgix.net/https_/s3.amazonaws.com/gather.fandalism.com/10033160--2E25E174-A066-4E03-AA87716D10203702--0--17325581--Memorywasthere18ef.jpg]
[distrokid.imgix.net/https_/s3.amazonaws.com/gather.fandalism.com/10033160--2539D71E-3972-47AF-9E220D7EEF77BE8D--0--5927867--MemoryWalks5b49.jpg]
[distrokid.imgix.net/https_/s3.amazonaws.com/gather.fandalism.com/10033160--C44CAED3-2D99-46CB-957E3B132C9D17D6--0--5893401--Iamnotokay6b32.jpg]
[distrokid.imgix.net/https_/s3.amazonaws.com/gather.fandalism.com/10033160--BAD43BBB-83EE-4C4A-AA60289F2783E13B--0--5216026--Homebf1f.jpg]
[distrokid.imgix.net/https_/s3.amazonaws.com/gather.fandalism.com/10033160--4545BFF2-7E1D-4C2F-967620E11C5C9234--0--9150866--Here7ab9.jpg]
[distrokid.imgix.net/https_/s3.amazonaws.com/gather.fandalism.com/10033160--9B54758D-B01E-4ECA-A7A9E06CDB014AB2--0--8745634--Hello710a.jpg]
[distrokid.imgix.net/https_/s3.amazonaws.com/gather.fandalism.com/10033160--BD48A919-C09A-45C8-826AA63A6DAE6357--0--19966112--Charlie5848.jpg]
[distrokid.imgix.net/https_/s3.amazonaws.com/gather.fandalism.com/10033160--8A8F5B32-F4F5-4C70-BF40FC5629481382--0--7871503--Cate9c8.jpg]
[distrokid.imgix.net/https_/s3.amazonaws.com/gather.fandalism.com/10033160--8C200221-BCFC-4CD6-9829CE1DF77979F5--0--8316130--Bird0b3d.jpg]
[distrokid.imgix.net/https_/s3.amazonaws.com/gather.fandalism.com/10033160--79DFA11E-2128-405A-97F54302147641C8--0--6156456--BeyondtheKeyholeTheTime28081.jpg]
[distrokid.imgix.net/https_/s3.amazonaws.com/gather.fandalism.com/10033160--52AC2832-606C-45D1-8CEB214B5AD9F862--0--12203275--beforecomingtoEarth94c4.jpg]
[distrokid.imgix.net/https_/s3.amazonaws.com/gather.fandalism.com/10033160--0CF579C2-46E2-4933-AAEC54291382F100--0--14728546--AstheLeafBecameaBladef414.jpg]
[distrokid.imgix.net/https_/s3.amazonaws.com/gather.fandalism.com/10684387--AB9805D3-BA1E-49B0-83F66333CD2ACD36--0--556409--EresTue56a.jpg]
[distrokid.imgix.net/https_/s3.amazonaws.com/gather.fandalism.com/8136014--70974ED7-D12B-4445-A67DC6F417BE11AE--0--924044--GWDFCoverea39.jpg]
[distrokid.imgix.net/https_/s3.amazonaws.com/gather.fandalism.com/9295065--BBAD6B8B-2B1F-44C8-B84A584F4F68FBE9--0--1920836--IMG0014e25f.jpg]
[distrokid.imgix.net/https_/s3.amazonaws.com/gather.fandalism.com/9373810--E51EA4FD-AF9B-4762-A955870006CD562E--0--1076060--IMG20251130124447bea1.jpg]
[distrokid.imgix.net/https_/s3.amazonaws.com/gather.fandalism.com/8664737--099B40C8-ADB6-4D06-BD7302A7254CDEC1--0--2454222--Coverv2a3fa.jpg]
[distrokid.imgix.net/https_/s3.amazonaws.com/gather.fandalism.com/10826770--590DD16F-81CC-4820-9286F540169D78C1--0--2063102--D3E11A4BD83E45E4B1C3AE90C02D315335ba.jpg]
[distrokid.imgix.net/https_/s3.amazonaws.com/gather.fandalism.com/8008940--2492AA55-CC82-4AF8-A82D55C75B1A7BFB--0--9913565--identity687e7.jpg]
[distrokid.imgix.net/https_/s3.amazonaws.com/gather.fandalism.com/1662442--41B1CABC-C23F-4E70-871116383B60256A--0--1922341--IMG30639901.jpg]
[distrokid.imgix.net/https_/s3.amazonaws.com/gather.fandalism.com/9241995--481EDED2-38F5-4BDA-A43BF824B85F4202--0--920946--Elf7ed7.jpg]
[distrokid.imgix.net/https_/s3.amazonaws.com/gather.fandalism.com/1662442--6CF43BBB-DA44-44FF-B931CC66D62A6210--0--1748157--IMG3289bdb4.jpg]
[distrokid.imgix.net/https_/s3.amazonaws.com/gather.fandalism.com/663810--CC4C6339-4DC0-4E37-9EF379EB09D92ADD--0--3621751--lycheeEPCover3290.jpg]
[distrokid.imgix.net/https_/s3.amazonaws.com/gather.fandalism.com/8338883--7DE7438E-3A33-423E-B952FD86C710707A--0--7233792--IAMLiveYourPurpose6cdb.jpg]
[distrokid.imgix.net/https_/s3.amazonaws.com/gather.fandalism.com/2412517--98A5ADD5-A1A6-47DF-8A00FFB7F0FA836E--0--778485--IMG10615c0a.jpg]
[distrokid.imgix.net/https_/s3.amazonaws.com/gather.fandalism.com/5396800--15CA6F8A-C7C5-4A6F-9C64EE2F3B83269C--0--3997270--tlybcoverrevis6ff3e.jpg]
[distrokid.imgix.net/https_/s3.amazonaws.com/gather.fandalism.com/5396800--875F19ED-F209-4485-8F8E05DFBC6E792B--0--3109507--flowers4b854.jpg]
[distrokid.imgix.net/https_/s3.amazonaws.com/gather.fandalism.com/9941793--7590E30D-F56B-4CF9-8A8C32A1A31605C1--0--968502--5B88E7CC57A84F3BB18F6CDE658008F2d94e.jpg]
[distrokid.imgix.net/https_/s3.amazonaws.com/gather.fandalism.com/574960--5571A5BD-9ABD-45B7-964CEB9D25B7485A--1566409870127--NOTNOWALBUMARTWORK518c.jpg]
[distrokid.imgix.net/https_/s3.amazonaws.com/gather.fandalism.com/9595184--C131FC5B-4998-4A79-B218B9F96D09D62D--0--155605--Bhmmb82a.jpg]
[distrokid.imgix.net/https_/s3.amazonaws.com/gather.fandalism.com/7372905--96D1D4F3-5C04-4B05-A74B5299C1CBF025--0--4025619--miamor43c6d.jpg]
[distrokid.imgix.net/https_/s3.amazonaws.com/gather.fandalism.com/9365734--B2BC8D37-3F43-4155-B2B309236643E585--0--131856--DgSdUiW0AE9c9g8730.jpg]
[distrokid.imgix.net/https_/s3.amazonaws.com/gather.fandalism.com/5838068--15E87F60-DE63-474E-A16FC4EB61EE8F77--0--6950911--Untitled3000x3000px7a26.jpg]
[distrokid.imgix.net/https_/s3.amazonaws.com/gather.fandalism.com/2248610--937546C5-5394-48F4-8DB15E86AFD5E5E9--0--254470--littledrummer2b5d6.jpg]
[distrokid.imgix.net/https_/s3.amazonaws.com/gather.fandalism.com/2248610--92737F80-EEC0-48FA-A6FD2194B810D985--1599312330206--100033137423.jpg]
[distrokid.imgix.net/https_/s3.amazonaws.com/gather.fandalism.com/10530392--F29DB429-70F3-4DBF-980E5E60B2D9063F--0--72164--WhatsAppBild20251031um23.16.408e7c060c94cf.jpg]
[distrokid.imgix.net/https_/s3.amazonaws.com/gather.fandalism.com/4221225--6B273A86-0868-41D2-8CCE0CE61B4582F0--0--367976--Nvtelenterv1754c.jpg]
[distrokid.imgix.net/https_/s3.amazonaws.com/gather.fandalism.com/2686106--8DC1281C-A774-4112-826C6736DD69DFB2--0--1288634--C2DFE264BD3C4BCB9D7D1ED78072197Bb3f9.jpg]
[distrokid.imgix.net/https_/s3.amazonaws.com/gather.fandalism.com/1662442--6F249023-E13A-4BD6-A6C69D4717DA770D--0--2182782--IMG32728e91.jpg]
[distrokid.imgix.net/https_/s3.amazonaws.com/gather.fandalism.com/5584532--316271EE-2320-4B8A-9130A8D5E9514412--0--2558938--JoleneAlbumartfinal0fbd.jpg]
[distrokid.imgix.net/https_/s3.amazonaws.com/gather.fandalism.com/10454357--FC635BE6-61AE-4B13-9B9E49F96CAE382C--0--4799840--30003000dc5d.jpg]
[distrokid.imgix.net/https_/s3.amazonaws.com/gather.fandalism.com/10454357--BD664032-B1F2-41EA-886D0873A7512F3B--0--792424--e434.jpg]
[distrokid.imgix.net/https_/s3.amazonaws.com/gather.fandalism.com/10454357--54B6D9C1-2461-4814-9095DB484722AA23--0--4137988--300030001e242.jpg]
[distrokid.imgix.net/https_/s3.amazonaws.com/gather.fandalism.com/10454357--7AA93E06-53D6-465E-9B3314620D5B9A97--0--2139108--1000040356589d.jpg]
[distrokid.imgix.net/https_/s3.amazonaws.com/gather.fandalism.com/10454357--897D0CCD-DBF0-42A5-A17AC52A0F301474--0--203136--5da50.jpg]
[distrokid.imgix.net/https_/s3.amazonaws.com/gather.fandalism.com/6298212--B39B9FDC-FAEB-4645-B0DE4ED602736156--0--1169779--Adszss8e93.jpg]
[distrokid.imgix.net/https_/s3.amazonaws.com/gather.fandalism.com/2549374--8F72930F-688B-4104-A1CE78B266A3AF9C--0--429213--18hours4d00.jpg]
[distrokid.imgix.net/https_/s3.amazonaws.com/gather.fandalism.com/9079744--97C0AE83-2833-45AB-B2C5250DADFB7F53--0--616848--Logo25f3.jpg]
[distrokid.imgix.net/https_/s3.amazonaws.com/gather.fandalism.com/7312327--AD8953D8-6494-4F88-B0139DE21BE2B9D9--0--1652767--Fallindownacdb.jpg]
[distrokid.imgix.net/https_/s3.amazonaws.com/gather.fandalism.com/1736426--F8C5D087-71A3-475C-947FBCE37E8E08C6--0--5567782--Ridingthewavecoverd199.jpg]
[distrokid.imgix.net/https_/s3.amazonaws.com/gather.fandalism.com/1662442--9E13707D-6DA4-4F57-848A62BB0101703F--0--1766306--NUncCover9254.jpg]
[distrokid.imgix.net/https_/s3.amazonaws.com/gather.fandalism.com/1114620--507789F1-5AC1-4587-9C9FEC4CBA1BDE6E--0--1882257--ChatGPTImageOct32025102054PM0bab.jpg]
[distrokid.imgix.net/https_/s3.amazonaws.com/gather.fandalism.com/1114620--5817AFBC-D3B0-4892-B61225717D2CCC10--0--3763443--Ballin2edb.jpg]
[distrokid.imgix.net/https_/s3.amazonaws.com/gather.fandalism.com/9294798--4F13DA15-0EF1-49BF-AB830FA21EDB4467--0--151511--Untitleddesign21567.jpg]
[distrokid.imgix.net/https_/s3.amazonaws.com/gather.fandalism.com/2646432--0D2DD9FE-9E16-4934-8BBD1ED6FBEF0E1F--0--1105042--photooutput9472.jpg]
[distrokid.imgix.net/https_/s3.amazonaws.com/gather.fandalism.com/1053052--8EA1DF91-4729-4271-A7D134F9B053F158--1584246855503--Imprintsb923.jpg]
[distrokid.imgix.net/https_/s3.amazonaws.com/gather.fandalism.com/4839715--828A71C9-9437-4745-BE8489E16C77D648--0--389152--10052025DSCF99731a9ff.jpg]
[distrokid.imgix.net/https_/s3.amazonaws.com/gather.fandalism.com/2549374--0330E5C7-9873-484D-AFED9599857406DB--0--50975--SarahandRimsey2d5f.jpg]
[distrokid.imgix.net/https_/s3.amazonaws.com/gather.fandalism.com/1571891--962AB68F-1968-455C-81E9DC35E65671FB--0--965587--ChristmasAlbumCoverMadewithPosterMyWall279c.jpg]
[distrokid.imgix.net/https_/s3.amazonaws.com/gather.fandalism.com/2019115--A8E66B31-01F6-4ED9-B48BDC743E947538--0--1000876--witchhunt2532.jpg]
[distrokid.imgix.net/https_/s3.amazonaws.com/gather.fandalism.com/2412517--BBE9874C-0514-4030-AA341590C7F09A4A--0--1711267--IMG192047f6.jpg]
[distrokid.imgix.net/https_/s3.amazonaws.com/gather.fandalism.com/2549374--673C07B9-92FB-4DC7-A54E69BD3CC4BEAB--0--4807956--TheyBecameMusicac4d.jpg]
[distrokid.imgix.net/https_/s3.amazonaws.com/gather.fandalism.com/9523962--5E5B4469-8C55-4A69-BAD6D06F11CD6340--0--3059337--ZipperBluesa2e1.jpg]
[distrokid.imgix.net/https_/s3.amazonaws.com/gather.fandalism.com/9523962--DB56F3EF-D7EC-42E5-A1775366307B51AD--0--3059337--ZipperBlues150b.jpg]
[distrokid.imgix.net/https_/s3.amazonaws.com/gather.fandalism.com/8664737--080FD07F-5D76-44F9-AE4073EB42B9E22D--0--2148582--WarandPeacethemedpicturewiththenamepeacesignandaswordsimpledesign11.34b04e8.de]
[distrokid.imgix.net/https_/s3.amazonaws.com/gather.fandalism.com/8664737--381C1984-3D0C-47AF-A2E6D759B7631074--0--1394652--Nuts228d9.jpg]
[distrokid.imgix.net/https_/s3.amazonaws.com/gather.fandalism.com/8664737--9077CA38-BFB4-4C93-83CAAC159458792E--0--970127--Covercdad.jpg]
[hyperfollow.com/artistsforchange/index.html]
[hyperfollow.com/css/genericf4f5.css]
[hyperfollow.com/css/team-opaf36.css]
[hyperfollow.com/css/signup3ec2.css]
[hyperfollow.com/images/distrokid-logo-white-new.png]
[hyperfollow.com/images/dsp-logo-grid.webp]
[cdnjs.cloudflare.com/ajax/libs/intl-tel-input/17.0.12/css/intlTelInput.css]
[hyperfollow.com/edu/index.html]
[cdnjs.cloudflare.com/ajax/libs/intl-tel-input/17.0.12/js/intlTelInput.min.js]
[hyperfollow.com/signup/index7ed8.html]
[hyperfollow.com/images/mobile-app-landing-page/distrokid-app-icon@2x.jpg]
[hyperfollow.com/images/logos/distrokid/hi-res-words-5000-light-background.png]
[hyperfollow.com/images/mobile-app-landing-page/distrokid-ios-app-store-qr-code.png]
[hyperfollow.com/images/mobile-app-landing-page/mobile-app-hero@2x.jpg]
[hyperfollow.com/images/mobile-app-landing-page/mobile-app-unlimited@2x.jpg]
[hyperfollow.com/images/mobile-app-landing-page/mobile-app-stats@2x.jpg]
[hyperfollow.com/images/mobile-app-landing-page/mobile-app-got-money.png]
[hyperfollow.com/app/index.html]
[hyperfollow.com/student/index.html]
[hyperfollow.com/privacy/index.html]
[hyperfollow.com/cookies/index.html]
[hyperfollow.com/terms/index.html]
[hyperfollow.com/agreement/index.html]
[hyperfollow.com/signin/index569d.html]
[hyperfollow.com/signup/indexa731.html]
[hyperfollow.com/signup/index8ef4.html]
[hyperfollow.com/signup/index01ce.html]
[hyperfollow.com/signup/indexf146.html]
[hyperfollow.com/forgotPassword/index.html]
[hyperfollow.com/signup/indexf784.html]
[hyperfollow.com/css/signin-hyperfollow9e6f.css]
[hyperfollow.com/signup/index.html]
[hyperfollow.com/artistsforchange/a4c.css]
[hyperfollow.com/artistsforchange/page/index.html]
[hyperfollow.com/css/genericf4f5.css]
[hyperfollow.com/css/team-opaf36.css]
[hyperfollow.com/css/signup3ec2.css]
[hyperfollow.com/images/distrokid_white.svg]
[hyperfollow.com/signin/indexd41d.html]
[hyperfollow.com/signup/indexd735.html]
[cdnjs.cloudflare.com/ajax/libs/intl-tel-input/17.0.12/img/flags.png]
[cdnjs.cloudflare.com/ajax/libs/intl-tel-input/17.0.12/css/intlTelInput.css]
[hyperfollow.com/signup/index7ed8.html]
[hyperfollow.com/signup/index8ef4.html]
[hyperfollow.com/signup/index01ce.html]
[hyperfollow.com/signup/indexf146.html]
[hyperfollow.com/images/distrokid_white.svg]
[hyperfollow.com/signup/indexd735.html]
[hyperfollow.com/signin/indexd41d.html]
[hyperfollow.com/signin/index7ed8.html]
[hyperfollow.com/signup/index06a8.html]
[cdnjs.cloudflare.com/ajax/libs/intl-tel-input/17.0.12/img/flags@2x.png]
[hyperfollow.com/signin/index7ed8.html]
[hyperfollow.com/signup/index06a8.html]
[hyperfollow.com/signin/index06a8.html]
[hyperfollow.com/signup/index2e27.html]
[hyperfollow.com/signup/index2e27.html]
[hyperfollow.com/signup/index9853.html]
[hyperfollow.com/signin/indexc436.html]
[hyperfollow.com/signup/index9853.html]
[hyperfollow.com/signin/index06a8.html]
[hyperfollow.com/signin/indexc436.html]
[hyperfollow.com/signup/index23ac.html]
[hyperfollow.com/signup/indexfdd1.html]
[hyperfollow.com/signup/indexfdd1.html]
[hyperfollow.com/signup/index23ac.html]
[hyperfollow.com/signin/index2f2a.html]
[hyperfollow.com/signup/index91bf.html]
[hyperfollow.com/signup/index91bf.html]
[hyperfollow.com/signin/index2f2a.html]
[hyperfollow.com/signin/indexbb04.html]
[hyperfollow.com/signin/indexbb04.html]
[hyperfollow.com/signup/index2f0a.html]
[hyperfollow.com/signup/index2f0a.html]
[hyperfollow.com/signup/index24eb.html]
[hyperfollow.com/signup/index24eb.html]
[hyperfollow.com/signin/index52ef.html]
[hyperfollow.com/signup/index43d8.html]
[hyperfollow.com/signup/index43d8.html]
[hyperfollow.com/signin/index52ef.html]
[hyperfollow.com/signin/index2fb5.html]
[hyperfollow.com/signin/index2fb5.html]
[hyperfollow.com/signup/indexa193.html]
[hyperfollow.com/signup/indexa193.html]
[hyperfollow.com/signup/index3c33.html]
[hyperfollow.com/signup/index3c33.html]
[hyperfollow.com/signup/indexdacd.html]
[hyperfollow.com/signup/indexdacd.html]
[hyperfollow.com/signin/index5717.html]
[hyperfollow.com/signin/index5717.html]
[hyperfollow.com/signin/index3038.html]
[hyperfollow.com/signin/index3038.html]
[hyperfollow.com/signup/indexcb62.html]
[hyperfollow.com/signup/indexcb62.html]
[hyperfollow.com/signin/index2da4.html]
[hyperfollow.com/signup/indexe3c6.html]
[hyperfollow.com/signup/indexe3c6.html]
[hyperfollow.com/signin/index2da4.html]
